Archive member included to satisfy reference by file (symbol)

/home/nathan/STM32CubeIDE/workspace/GuitarPedalHat/lib/libarm_cortexM7lfsp_math.a(arm_rfft_fast_init_f32.o)
                              ./Core/Src/main.o (arm_rfft_fast_init_f32)
/home/nathan/STM32CubeIDE/workspace/GuitarPedalHat/lib/libarm_cortexM7lfsp_math.a(arm_rfft_fast_f32.o)
                              ./Core/Src/main.o (arm_rfft_fast_f32)
/home/nathan/STM32CubeIDE/workspace/GuitarPedalHat/lib/libarm_cortexM7lfsp_math.a(arm_cfft_f32.o)
                              /home/nathan/STM32CubeIDE/workspace/GuitarPedalHat/lib/libarm_cortexM7lfsp_math.a(arm_rfft_fast_f32.o) (arm_cfft_f32)
/home/nathan/STM32CubeIDE/workspace/GuitarPedalHat/lib/libarm_cortexM7lfsp_math.a(arm_cmplx_mag_f32.o)
                              ./Core/Src/main.o (arm_cmplx_mag_f32)
/home/nathan/STM32CubeIDE/workspace/GuitarPedalHat/lib/libarm_cortexM7lfsp_math.a(arm_sin_f32.o)
                              ./Core/Src/main.o (arm_sin_f32)
/home/nathan/STM32CubeIDE/workspace/GuitarPedalHat/lib/libarm_cortexM7lfsp_math.a(arm_cos_f32.o)
                              ./Core/Src/main.o (arm_cos_f32)
/home/nathan/STM32CubeIDE/workspace/GuitarPedalHat/lib/libarm_cortexM7lfsp_math.a(arm_common_tables.o)
                              /home/nathan/STM32CubeIDE/workspace/GuitarPedalHat/lib/libarm_cortexM7lfsp_math.a(arm_sin_f32.o) (sinTable_f32)
/home/nathan/STM32CubeIDE/workspace/GuitarPedalHat/lib/libarm_cortexM7lfsp_math.a(arm_bitreversal2.o)
                              /home/nathan/STM32CubeIDE/workspace/GuitarPedalHat/lib/libarm_cortexM7lfsp_math.a(arm_cfft_f32.o) (arm_bitreversal_32)
/home/nathan/STM32CubeIDE/workspace/GuitarPedalHat/lib/libarm_cortexM7lfsp_math.a(arm_cfft_radix8_f32.o)
                              /home/nathan/STM32CubeIDE/workspace/GuitarPedalHat/lib/libarm_cortexM7lfsp_math.a(arm_cfft_f32.o) (arm_radix8_butterfly_f32)
/usr/lib/gcc/arm-none-eabi/12.2.0/../../../../arm-none-eabi/lib/thumb/v7e-m+dp/hard/libc_nano.a(lib_a-atexit.o)
                              /usr/lib/gcc/arm-none-eabi/12.2.0/../../../../arm-none-eabi/lib/thumb/v7e-m+dp/hard/crt0.o (atexit)
/usr/lib/gcc/arm-none-eabi/12.2.0/../../../../arm-none-eabi/lib/thumb/v7e-m+dp/hard/libc_nano.a(lib_a-errno.o)
                              ./Core/Src/syscalls.o (__errno)
/usr/lib/gcc/arm-none-eabi/12.2.0/../../../../arm-none-eabi/lib/thumb/v7e-m+dp/hard/libc_nano.a(lib_a-exit.o)
                              /usr/lib/gcc/arm-none-eabi/12.2.0/../../../../arm-none-eabi/lib/thumb/v7e-m+dp/hard/crt0.o (exit)
/usr/lib/gcc/arm-none-eabi/12.2.0/../../../../arm-none-eabi/lib/thumb/v7e-m+dp/hard/libc_nano.a(lib_a-fini.o)
                              /usr/lib/gcc/arm-none-eabi/12.2.0/../../../../arm-none-eabi/lib/thumb/v7e-m+dp/hard/crt0.o (__libc_fini_array)
/usr/lib/gcc/arm-none-eabi/12.2.0/../../../../arm-none-eabi/lib/thumb/v7e-m+dp/hard/libc_nano.a(lib_a-impure.o)
                              /usr/lib/gcc/arm-none-eabi/12.2.0/../../../../arm-none-eabi/lib/thumb/v7e-m+dp/hard/libc_nano.a(lib_a-exit.o) (_global_impure_ptr)
/usr/lib/gcc/arm-none-eabi/12.2.0/../../../../arm-none-eabi/lib/thumb/v7e-m+dp/hard/libc_nano.a(lib_a-init.o)
                              /usr/lib/gcc/arm-none-eabi/12.2.0/../../../../arm-none-eabi/lib/thumb/v7e-m+dp/hard/crt0.o (__libc_init_array)
/usr/lib/gcc/arm-none-eabi/12.2.0/../../../../arm-none-eabi/lib/thumb/v7e-m+dp/hard/libc_nano.a(lib_a-memset.o)
                              /usr/lib/gcc/arm-none-eabi/12.2.0/../../../../arm-none-eabi/lib/thumb/v7e-m+dp/hard/crt0.o (memset)
/usr/lib/gcc/arm-none-eabi/12.2.0/../../../../arm-none-eabi/lib/thumb/v7e-m+dp/hard/libc_nano.a(lib_a-nano-vfprintf_float.o)
                              (_printf_float)
/usr/lib/gcc/arm-none-eabi/12.2.0/../../../../arm-none-eabi/lib/thumb/v7e-m+dp/hard/libc_nano.a(lib_a-nano-vfprintf_i.o)
                              /usr/lib/gcc/arm-none-eabi/12.2.0/../../../../arm-none-eabi/lib/thumb/v7e-m+dp/hard/libc_nano.a(lib_a-nano-vfprintf_float.o) (_printf_common)
/usr/lib/gcc/arm-none-eabi/12.2.0/../../../../arm-none-eabi/lib/thumb/v7e-m+dp/hard/libc_nano.a(lib_a-sprintf.o)
                              ./Core/Src/main.o (sprintf)
/usr/lib/gcc/arm-none-eabi/12.2.0/../../../../arm-none-eabi/lib/thumb/v7e-m+dp/hard/libc_nano.a(lib_a-strlen.o)
                              /usr/lib/gcc/arm-none-eabi/12.2.0/../../../../arm-none-eabi/lib/thumb/v7e-m+dp/hard/libc_nano.a(lib_a-nano-vfprintf_float.o) (strlen)
/usr/lib/gcc/arm-none-eabi/12.2.0/../../../../arm-none-eabi/lib/thumb/v7e-m+dp/hard/libc_nano.a(lib_a-__atexit.o)
                              /usr/lib/gcc/arm-none-eabi/12.2.0/../../../../arm-none-eabi/lib/thumb/v7e-m+dp/hard/libc_nano.a(lib_a-atexit.o) (__register_exitproc)
/usr/lib/gcc/arm-none-eabi/12.2.0/../../../../arm-none-eabi/lib/thumb/v7e-m+dp/hard/libc_nano.a(lib_a-__call_atexit.o)
[...]
Memory Configuration

Name             Origin             Length             Attributes
RAM              0x0000000020000000 0x0000000000080000 xrw
FLASH            0x0000000008000000 0x0000000000200000 xr
*default*        0x0000000000000000 0xffffffffffffffff

Linker script and memory map

LOAD /usr/lib/gcc/arm-none-eabi/12.2.0/thumb/v7e-m+dp/hard/crti.o
LOAD /usr/lib/gcc/arm-none-eabi/12.2.0/thumb/v7e-m+dp/hard/crtbegin.o
LOAD /usr/lib/gcc/arm-none-eabi/12.2.0/../../../../arm-none-eabi/lib/thumb/v7e-m+dp/hard/crt0.o
LOAD ./Core/Src/SPI.o
LOAD ./Core/Src/UART.o
LOAD ./Core/Src/main.o
LOAD ./Core/Src/peripherals.o
LOAD ./Core/Src/stm32f7xx_hal_msp.o
LOAD ./Core/Src/stm32f7xx_it.o
LOAD ./Core/Src/syscalls.o
LOAD ./Core/Src/sysmem.o
LOAD ./Core/Src/system_stm32f7xx.o
LOAD ./Core/Startup/startup_stm32f767zitx.o
LOAD ./Drivers/STM32F7xx_HAL_Driver/Src/stm32f7xx_hal.o
LOAD ./Drivers/STM32F7xx_HAL_Driver/Src/stm32f7xx_hal_cortex.o
LOAD ./Drivers/STM32F7xx_HAL_Driver/Src/stm32f7xx_hal_dma.o
LOAD ./Drivers/STM32F7xx_HAL_Driver/Src/stm32f7xx_hal_dma_ex.o
LOAD ./Drivers/STM32F7xx_HAL_Driver/Src/stm32f7xx_hal_eth.o
LOAD ./Drivers/STM32F7xx_HAL_Driver/Src/stm32f7xx_hal_exti.o
LOAD ./Drivers/STM32F7xx_HAL_Driver/Src/stm32f7xx_hal_flash.o
LOAD ./Drivers/STM32F7xx_HAL_Driver/Src/stm32f7xx_hal_flash_ex.o
LOAD ./Drivers/STM32F7xx_HAL_Driver/Src/stm32f7xx_hal_gpio.o
LOAD ./Drivers/STM32F7xx_HAL_Driver/Src/stm32f7xx_hal_i2c.o
LOAD ./Drivers/STM32F7xx_HAL_Driver/Src/stm32f7xx_hal_i2c_ex.o
LOAD ./Drivers/STM32F7xx_HAL_Driver/Src/stm32f7xx_hal_pcd.o
LOAD ./Drivers/STM32F7xx_HAL_Driver/Src/stm32f7xx_hal_pcd_ex.o
LOAD ./Drivers/STM32F7xx_HAL_Driver/Src/stm32f7xx_hal_pwr.o
LOAD ./Drivers/STM32F7xx_HAL_Driver/Src/stm32f7xx_hal_pwr_ex.o
LOAD ./Drivers/STM32F7xx_HAL_Driver/Src/stm32f7xx_hal_rcc.o
LOAD ./Drivers/STM32F7xx_HAL_Driver/Src/stm32f7xx_hal_rcc_ex.o
LOAD ./Drivers/STM32F7xx_HAL_Driver/Src/stm32f7xx_hal_tim.o
LOAD ./Drivers/STM32F7xx_HAL_Driver/Src/stm32f7xx_hal_tim_ex.o
LOAD ./Drivers/STM32F7xx_HAL_Driver/Src/stm32f7xx_hal_uart.o
LOAD ./Drivers/STM32F7xx_HAL_Driver/Src/stm32f7xx_hal_uart_ex.o
LOAD ./Drivers/STM32F7xx_HAL_Driver/Src/stm32f7xx_ll_usb.o
LOAD /home/nathan/STM32CubeIDE/workspace/GuitarPedalHat/lib/libarm_cortexM7lfsp_math.a
START GROUP
LOAD /usr/lib/gcc/arm-none-eabi/12.2.0/../../../../arm-none-eabi/lib/thumb/v7e-m+dp/hard/libc_nano.a
LOAD /usr/lib/gcc/arm-none-eabi/12.2.0/../../../../arm-none-eabi/lib/thumb/v7e-m+dp/hard/libm.a
END GROUP
START GROUP
LOAD /usr/lib/gcc/arm-none-eabi/12.2.0/thumb/v7e-m+dp/hard/libgcc.a
LOAD /usr/lib/gcc/arm-none-eabi/12.2.0/../../../../arm-none-eabi/lib/thumb/v7e-m+dp/hard/libc_nano.a
END GROUP
START GROUP
LOAD /usr/lib/gcc/arm-none-eabi/12.2.0/thumb/v7e-m+dp/hard/libgcc.a
LOAD /usr/lib/gcc/arm-none-eabi/12.2.0/../../../../arm-none-eabi/lib/thumb/v7e-m+dp/hard/libc_nano.a
LOAD /usr/lib/gcc/arm-none-eabi/12.2.0/../../../../arm-none-eabi/lib/thumb/v7e-m+dp/hard/libnosys.a
END GROUP
START GROUP
LOAD /usr/lib/gcc/arm-none-eabi/12.2.0/thumb/v7e-m+dp/hard/libgcc.a
LOAD /usr/lib/gcc/arm-none-eabi/12.2.0/../../../../arm-none-eabi/lib/thumb/v7e-m+dp/hard/libc_nano.a
LOAD /usr/lib/gcc/arm-none-eabi/12.2.0/../../../../arm-none-eabi/lib/thumb/v7e-m+dp/hard/libnosys.a
END GROUP
LOAD /usr/lib/gcc/arm-none-eabi/12.2.0/thumb/v7e-m+dp/hard/crtend.o
LOAD /usr/lib/gcc/arm-none-eabi/12.2.0/thumb/v7e-m+dp/hard/crtn.o
                0x0000000020080000                _estack = (ORIGIN (RAM) + LENGTH (RAM))
                0x0000000000000200                _Min_Heap_Size = 0x200
                0x0000000000000400                _Min_Stack_Size = 0x400

.isr_vector     0x0000000008000000      0x1f8
                0x0000000008000000                . = ALIGN (0x4)
 *(.isr_vector)
 .isr_vector    0x0000000008000000      0x1f8 ./Core/Startup/startup_stm32f767zitx.o
                0x0000000008000000                g_pfnVectors
                0x00000000080001f8                . = ALIGN (0x4)

.text           0x0000000008000200     0x751c
                0x0000000008000200                . = ALIGN (0x4)
 *(.text)
 .text          0x0000000008000200       0xc0 /home/nathan/STM32CubeIDE/workspace/GuitarPedalHat/lib/libarm_cortexM7lfsp_math.a(arm_bitreversal2.o)
                0x0000000008000200                arm_bitreversal_32
                0x000000000800026a                arm_bitreversal_16
 .text          0x00000000080002c0       0x10 /usr/lib/gcc/arm-none-eabi/12.2.0/../../../../arm-none-eabi/lib/thumb/v7e-m+dp/hard/libc_nano.a(lib_a-strlen.o)
                0x00000000080002c0                strlen
 .text          0x00000000080002d0       0xa0 /usr/lib/gcc/arm-none-eabi/12.2.0/../../../../arm-none-eabi/lib/thumb/v7e-m+dp/hard/libc_nano.a(lib_a-memchr.o)
                0x00000000080002d0                memchr
 .text          0x0000000008000370       0x30 /usr/lib/gcc/arm-none-eabi/12.2.0/thumb/v7e-m+dp/hard/libgcc.a(_aeabi_uldivmod.o)
                0x0000000008000370                __aeabi_uldivmod
 .text          0x00000000080003a0        0x4 /usr/lib/gcc/arm-none-eabi/12.2.0/thumb/v7e-m+dp/hard/libgcc.a(_dvmd_tls.o)
                0x00000000080003a0                __aeabi_ldiv0
                0x00000000080003a0                __aeabi_idiv0
 *(.text*)
 .text.__do_global_dtors_aux
                0x00000000080003a4       0x24 /usr/lib/gcc/arm-none-eabi/12.2.0/thumb/v7e-m+dp/hard/crtbegin.o
 .text.frame_dummy
                0x00000000080003c8       0x1c /usr/lib/gcc/arm-none-eabi/12.2.0/thumb/v7e-m+dp/hard/crtbegin.o
 .text.SPI_Setup
                0x00000000080003e4       0x5c ./Core/Src/SPI.o
                0x00000000080003e4                SPI_Setup
 .text.SPI_DMA_Setup
                0x0000000008000440       0x5c ./Core/Src/SPI.o
                0x0000000008000440                SPI_DMA_Setup
 .text.TIMER2_Setup
                0x000000000800049c       0x88 ./Core/Src/SPI.o
                0x000000000800049c                TIMER2_Setup
 .text.TIMER3_Setup
                0x0000000008000524       0x64 ./Core/Src/SPI.o
                0x0000000008000524                TIMER3_Setup
 .text.SPI_Communicate
                0x0000000008000588       0x90 ./Core/Src/SPI.o
                0x0000000008000588                SPI_Communicate
 .text.UART_Setup
                0x0000000008000618       0x4c ./Core/Src/UART.o
                0x0000000008000618                UART_Setup
 .text.UART_DMA_Setup
                0x0000000008000664       0x3c ./Core/Src/UART.o
                0x0000000008000664                UART_DMA_Setup
 .text.UART_Transmit
                0x00000000080006a0       0x50 ./Core/Src/UART.o
                0x00000000080006a0                UART_Transmit
 .text.UART_Buffer_Is_Free
                0x00000000080006f0       0x24 ./Core/Src/UART.o
                0x00000000080006f0                UART_Buffer_Is_Free
 .text.__NVIC_EnableIRQ
                0x0000000008000714       0x3c ./Core/Src/main.o
 .text.__NVIC_SetPriority
                0x0000000008000750       0x54 ./Core/Src/main.o
 .text.main     0x00000000080007a4      0x25c ./Core/Src/main.o
                0x00000000080007a4                main
 .text.SystemClock_Config
                0x0000000008000a00       0xe0 ./Core/Src/main.o
                0x0000000008000a00                SystemClock_Config
 .text.MX_GPIO_Init
                0x0000000008000ae0      0x144 ./Core/Src/main.o
 .text.Clean    0x0000000008000c24       0x20 ./Core/Src/main.o
                0x0000000008000c24                Clean
 .text.Delay    0x0000000008000c44       0x64 ./Core/Src/main.o
                0x0000000008000c44                Delay
 .text.Flange   0x0000000008000ca8       0x84 ./Core/Src/main.o
                0x0000000008000ca8                Flange
 .text.Phaser_Stage
                0x0000000008000d2c       0xb0 ./Core/Src/main.o
                0x0000000008000d2c                Phaser_Stage
 .text.Phaser   0x0000000008000ddc      0x128 ./Core/Src/main.o
                0x0000000008000ddc                Phaser
 .text.Reverb   0x0000000008000f04       0xd4 ./Core/Src/main.o
                0x0000000008000f04                Reverb
 .text.Sin_Delay
                0x0000000008000fd8       0xa4 ./Core/Src/main.o
                0x0000000008000fd8                Sin_Delay
 .text.Reverse_Delay
                0x000000000800107c       0x74 ./Core/Src/main.o
                0x000000000800107c                Reverse_Delay
 .text.Bit_Reduction
                0x00000000080010f0       0x44 ./Core/Src/main.o
                0x00000000080010f0                Bit_Reduction
 .text.Random_Sample_Delay
                0x0000000008001134       0xb8 ./Core/Src/main.o
                0x0000000008001134                Random_Sample_Delay
 .text.Clouds_Delay
                0x00000000080011ec      0x150 ./Core/Src/main.o
                0x00000000080011ec                Clouds_Delay
 .text.Looper   0x000000000800133c       0xec ./Core/Src/main.o
                0x000000000800133c                Looper
 .text.FFT_Test
                0x0000000008001428      0x3a8 ./Core/Src/main.o
                0x0000000008001428                FFT_Test
 .text.TIM6_DAC_IRQHandler
                0x00000000080017d0       0x44 ./Core/Src/main.o
                0x00000000080017d0                TIM6_DAC_IRQHandler
 .text.DMA2_Stream0_IRQHandler
                0x0000000008001814       0xd4 ./Core/Src/main.o
                0x0000000008001814                DMA2_Stream0_IRQHandler
 .text.EXTI9_5_IRQHandler
                0x00000000080018e8       0x34 ./Core/Src/main.o
                0x00000000080018e8                EXTI9_5_IRQHandler
 .text.Configure_MCP3561R
                0x000000000800191c       0xcc ./Core/Src/main.o
                0x000000000800191c                Configure_MCP3561R
 .text.Error_Handler
                0x00000000080019e8        0xc ./Core/Src/main.o
                0x00000000080019e8                Error_Handler
 .text.GPIO_Setup
                0x00000000080019f4       0xec ./Core/Src/peripherals.o
                0x00000000080019f4                GPIO_Setup
 .text.TIMER4_Setup
                0x0000000008001ae0       0x78 ./Core/Src/peripherals.o
                0x0000000008001ae0                TIMER4_Setup
 .text.TIMER5_Setup
                0x0000000008001b58       0x48 ./Core/Src/peripherals.o
                0x0000000008001b58                TIMER5_Setup
 .text.TIMER6_Setup
                0x0000000008001ba0       0x60 ./Core/Src/peripherals.o
                0x0000000008001ba0                TIMER6_Setup
 .text.TIMER12_Setup
                0x0000000008001c00       0x48 ./Core/Src/peripherals.o
                0x0000000008001c00                TIMER12_Setup
 .text.RNG_Setup
                0x0000000008001c48       0x30 ./Core/Src/peripherals.o
                0x0000000008001c48                RNG_Setup
 .text.ADC_Setup
                0x0000000008001c78       0x70 ./Core/Src/peripherals.o
                0x0000000008001c78                ADC_Setup
 .text.ADC_DMA_Setup
                0x0000000008001ce8       0x50 ./Core/Src/peripherals.o
                0x0000000008001ce8                ADC_DMA_Setup
 .text.HAL_MspInit
                0x0000000008001d38       0x48 ./Core/Src/stm32f7xx_hal_msp.o
                0x0000000008001d38                HAL_MspInit
 .text.NMI_Handler
                0x0000000008001d80        0x8 ./Core/Src/stm32f7xx_it.o
                0x0000000008001d80                NMI_Handler
 .text.HardFault_Handler
                0x0000000008001d88        0x8 ./Core/Src/stm32f7xx_it.o
                0x0000000008001d88                HardFault_Handler
 .text.MemManage_Handler
                0x0000000008001d90        0x8 ./Core/Src/stm32f7xx_it.o
                0x0000000008001d90                MemManage_Handler
 .text.BusFault_Handler
                0x0000000008001d98        0x8 ./Core/Src/stm32f7xx_it.o
                0x0000000008001d98                BusFault_Handler
 .text.UsageFault_Handler
                0x0000000008001da0        0x8 ./Core/Src/stm32f7xx_it.o
                0x0000000008001da0                UsageFault_Handler
 .text.SVC_Handler
                0x0000000008001da8        0xe ./Core/Src/stm32f7xx_it.o
                0x0000000008001da8                SVC_Handler
 .text.DebugMon_Handler
                0x0000000008001db6        0xe ./Core/Src/stm32f7xx_it.o
                0x0000000008001db6                DebugMon_Handler
 .text.PendSV_Handler
                0x0000000008001dc4        0xe ./Core/Src/stm32f7xx_it.o
                0x0000000008001dc4                PendSV_Handler
 .text.SysTick_Handler
                0x0000000008001dd2        0xc ./Core/Src/stm32f7xx_it.o
                0x0000000008001dd2                SysTick_Handler
 .text._getpid  0x0000000008001dde       0x10 ./Core/Src/syscalls.o
                0x0000000008001dde                _getpid
 .text._kill    0x0000000008001dee       0x20 ./Core/Src/syscalls.o
                0x0000000008001dee                _kill
 .text._exit    0x0000000008001e0e       0x16 ./Core/Src/syscalls.o
                0x0000000008001e0e                _exit
 .text._read    0x0000000008001e24       0x3a ./Core/Src/syscalls.o
                0x0000000008001e24                _read
 .text._write   0x0000000008001e5e       0x38 ./Core/Src/syscalls.o
                0x0000000008001e5e                _write
 .text._close   0x0000000008001e96       0x18 ./Core/Src/syscalls.o
                0x0000000008001e96                _close
 .text._fstat   0x0000000008001eae       0x20 ./Core/Src/syscalls.o
                0x0000000008001eae                _fstat
 .text._isatty  0x0000000008001ece       0x16 ./Core/Src/syscalls.o
                0x0000000008001ece                _isatty
 .text._lseek   0x0000000008001ee4       0x1a ./Core/Src/syscalls.o
                0x0000000008001ee4                _lseek
 *fill*         0x0000000008001efe        0x2 
 .text._sbrk    0x0000000008001f00       0x6c ./Core/Src/sysmem.o
                0x0000000008001f00                _sbrk
 .text.SystemInit
                0x0000000008001f6c       0x24 ./Core/Src/system_stm32f7xx.o
                0x0000000008001f6c                SystemInit
 .text.Reset_Handler
                0x0000000008001f90       0x50 ./Core/Startup/startup_stm32f767zitx.o
                0x0000000008001f90                Reset_Handler
 .text.Default_Handler
                0x0000000008001fe0        0x2 ./Core/Startup/startup_stm32f767zitx.o
                0x0000000008001fe0                RTC_Alarm_IRQHandler
                0x0000000008001fe0                EXTI2_IRQHandler
                0x0000000008001fe0                TIM8_CC_IRQHandler
                0x0000000008001fe0                UART8_IRQHandler
                0x0000000008001fe0                SPI4_IRQHandler
                0x0000000008001fe0                TIM1_CC_IRQHandler
                0x0000000008001fe0                DMA2_Stream5_IRQHandler
                0x0000000008001fe0                JPEG_IRQHandler
                0x0000000008001fe0                DMA1_Stream5_IRQHandler
                0x0000000008001fe0                CAN3_RX1_IRQHandler
                0x0000000008001fe0                PVD_IRQHandler
                0x0000000008001fe0                TAMP_STAMP_IRQHandler
                0x0000000008001fe0                CAN2_RX1_IRQHandler
                0x0000000008001fe0                EXTI3_IRQHandler
                0x0000000008001fe0                TIM8_TRG_COM_TIM14_IRQHandler
                0x0000000008001fe0                DFSDM1_FLT1_IRQHandler
                0x0000000008001fe0                TIM1_UP_TIM10_IRQHandler
                0x0000000008001fe0                TIM8_UP_TIM13_IRQHandler
                0x0000000008001fe0                I2C3_ER_IRQHandler
                0x0000000008001fe0                DFSDM1_FLT2_IRQHandler
                0x0000000008001fe0                EXTI0_IRQHandler
                0x0000000008001fe0                I2C2_EV_IRQHandler
                0x0000000008001fe0                DMA1_Stream2_IRQHandler
                0x0000000008001fe0                CAN1_RX0_IRQHandler
                0x0000000008001fe0                FPU_IRQHandler
                0x0000000008001fe0                OTG_HS_WKUP_IRQHandler
                0x0000000008001fe0                CAN3_SCE_IRQHandler
                0x0000000008001fe0                LTDC_ER_IRQHandler
                0x0000000008001fe0                CAN2_SCE_IRQHandler
                0x0000000008001fe0                DMA2_Stream2_IRQHandler
                0x0000000008001fe0                SPI1_IRQHandler
                0x0000000008001fe0                TIM1_BRK_TIM9_IRQHandler
                0x0000000008001fe0                DCMI_IRQHandler
                0x0000000008001fe0                CAN2_RX0_IRQHandler
                0x0000000008001fe0                DMA2_Stream3_IRQHandler
                0x0000000008001fe0                SAI2_IRQHandler
                0x0000000008001fe0                DFSDM1_FLT3_IRQHandler
                0x0000000008001fe0                USART6_IRQHandler
                0x0000000008001fe0                CAN3_RX0_IRQHandler
                0x0000000008001fe0                USART3_IRQHandler
                0x0000000008001fe0                CAN1_RX1_IRQHandler
                0x0000000008001fe0                UART5_IRQHandler
                0x0000000008001fe0                TIM4_IRQHandler
                0x0000000008001fe0                QUADSPI_IRQHandler
                0x0000000008001fe0                I2C1_EV_IRQHandler
                0x0000000008001fe0                DMA1_Stream6_IRQHandler
                0x0000000008001fe0                DMA1_Stream1_IRQHandler
                0x0000000008001fe0                UART4_IRQHandler
                0x0000000008001fe0                TIM3_IRQHandler
                0x0000000008001fe0                RCC_IRQHandler
                0x0000000008001fe0                TIM8_BRK_TIM12_IRQHandler
                0x0000000008001fe0                Default_Handler
                0x0000000008001fe0                CEC_IRQHandler
                0x0000000008001fe0                EXTI15_10_IRQHandler
                0x0000000008001fe0                ADC_IRQHandler
                0x0000000008001fe0                DMA1_Stream7_IRQHandler
                0x0000000008001fe0                SPI5_IRQHandler
                0x0000000008001fe0                TIM7_IRQHandler
                0x0000000008001fe0                SDMMC1_IRQHandler
                0x0000000008001fe0                CAN2_TX_IRQHandler
                0x0000000008001fe0                TIM5_IRQHandler
                0x0000000008001fe0                DMA2_Stream7_IRQHandler
                0x0000000008001fe0                I2C3_EV_IRQHandler
                0x0000000008001fe0                RTC_WKUP_IRQHandler
                0x0000000008001fe0                LTDC_IRQHandler
                0x0000000008001fe0                ETH_WKUP_IRQHandler
                0x0000000008001fe0                SPDIF_RX_IRQHandler
                0x0000000008001fe0                SPI2_IRQHandler
                0x0000000008001fe0                OTG_HS_EP1_IN_IRQHandler
                0x0000000008001fe0                DMA1_Stream0_IRQHandler
                0x0000000008001fe0                CAN1_TX_IRQHandler
                0x0000000008001fe0                EXTI4_IRQHandler
                0x0000000008001fe0                RNG_IRQHandler
                0x0000000008001fe0                ETH_IRQHandler
                0x0000000008001fe0                OTG_HS_EP1_OUT_IRQHandler
                0x0000000008001fe0                WWDG_IRQHandler
                0x0000000008001fe0                SPI6_IRQHandler
                0x0000000008001fe0                MDIOS_IRQHandler
                0x0000000008001fe0                I2C4_EV_IRQHandler
                0x0000000008001fe0                CAN3_TX_IRQHandler
                0x0000000008001fe0                TIM2_IRQHandler
                0x0000000008001fe0                OTG_FS_WKUP_IRQHandler
                0x0000000008001fe0                TIM1_TRG_COM_TIM11_IRQHandler
                0x0000000008001fe0                OTG_HS_IRQHandler
                0x0000000008001fe0                DMA2D_IRQHandler
                0x0000000008001fe0                EXTI1_IRQHandler
                0x0000000008001fe0                SDMMC2_IRQHandler
                0x0000000008001fe0                UART7_IRQHandler
                0x0000000008001fe0                USART2_IRQHandler
                0x0000000008001fe0                DFSDM1_FLT0_IRQHandler
                0x0000000008001fe0                I2C2_ER_IRQHandler
                0x0000000008001fe0                DMA2_Stream1_IRQHandler
                0x0000000008001fe0                CAN1_SCE_IRQHandler
                0x0000000008001fe0                FLASH_IRQHandler
                0x0000000008001fe0                DMA2_Stream4_IRQHandler
                0x0000000008001fe0                USART1_IRQHandler
                0x0000000008001fe0                OTG_FS_IRQHandler
                0x0000000008001fe0                SPI3_IRQHandler
                0x0000000008001fe0                DMA1_Stream4_IRQHandler
                0x0000000008001fe0                I2C1_ER_IRQHandler
                0x0000000008001fe0                FMC_IRQHandler
                0x0000000008001fe0                LPTIM1_IRQHandler
                0x0000000008001fe0                I2C4_ER_IRQHandler
                0x0000000008001fe0                DMA2_Stream6_IRQHandler
                0x0000000008001fe0                SAI1_IRQHandler
                0x0000000008001fe0                DMA1_Stream3_IRQHandler
 .text.HAL_Init
                0x0000000008001fe2       0x1a ./Drivers/STM32F7xx_HAL_Driver/Src/stm32f7xx_hal.o
                0x0000000008001fe2                HAL_Init
 .text.HAL_InitTick
                0x0000000008001ffc       0x60 ./Drivers/STM32F7xx_HAL_Driver/Src/stm32f7xx_hal.o
                0x0000000008001ffc                HAL_InitTick
 .text.HAL_IncTick
                0x000000000800205c       0x28 ./Drivers/STM32F7xx_HAL_Driver/Src/stm32f7xx_hal.o
                0x000000000800205c                HAL_IncTick
 .text.HAL_GetTick
                0x0000000008002084       0x18 ./Drivers/STM32F7xx_HAL_Driver/Src/stm32f7xx_hal.o
                0x0000000008002084                HAL_GetTick
 .text.HAL_Delay
                0x000000000800209c       0x48 ./Drivers/STM32F7xx_HAL_Driver/Src/stm32f7xx_hal.o
                0x000000000800209c                HAL_Delay
 .text.__NVIC_SetPriorityGrouping
                0x00000000080020e4       0x48 ./Drivers/STM32F7xx_HAL_Driver/Src/stm32f7xx_hal_cortex.o
 .text.__NVIC_GetPriorityGrouping
                0x000000000800212c       0x1c ./Drivers/STM32F7xx_HAL_Driver/Src/stm32f7xx_hal_cortex.o
 .text.__NVIC_SetPriority
                0x0000000008002148       0x54 ./Drivers/STM32F7xx_HAL_Driver/Src/stm32f7xx_hal_cortex.o
 .text.NVIC_EncodePriority
                0x000000000800219c       0x66 ./Drivers/STM32F7xx_HAL_Driver/Src/stm32f7xx_hal_cortex.o
 *fill*         0x0000000008002202        0x2 
 .text.SysTick_Config
                0x0000000008002204       0x44 ./Drivers/STM32F7xx_HAL_Driver/Src/stm32f7xx_hal_cortex.o
 .text.HAL_NVIC_SetPriorityGrouping
                0x0000000008002248       0x16 ./Drivers/STM32F7xx_HAL_Driver/Src/stm32f7xx_hal_cortex.o
                0x0000000008002248                HAL_NVIC_SetPriorityGrouping
 .text.HAL_NVIC_SetPriority
                0x000000000800225e       0x38 ./Drivers/STM32F7xx_HAL_Driver/Src/stm32f7xx_hal_cortex.o
                0x000000000800225e                HAL_NVIC_SetPriority
 .text.HAL_SYSTICK_Config
                0x0000000008002296       0x18 ./Drivers/STM32F7xx_HAL_Driver/Src/stm32f7xx_hal_cortex.o
                0x0000000008002296                HAL_SYSTICK_Config
 *fill*         0x00000000080022ae        0x2 
 .text.HAL_GPIO_Init
                0x00000000080022b0      0x358 ./Drivers/STM32F7xx_HAL_Driver/Src/stm32f7xx_hal_gpio.o
                0x00000000080022b0                HAL_GPIO_Init
 .text.HAL_GPIO_WritePin
                0x0000000008002608       0x32 ./Drivers/STM32F7xx_HAL_Driver/Src/stm32f7xx_hal_gpio.o
                0x0000000008002608                HAL_GPIO_WritePin
 *fill*         0x000000000800263a        0x2 
 .text.HAL_PWR_EnableBkUpAccess
                0x000000000800263c       0x20 ./Drivers/STM32F7xx_HAL_Driver/Src/stm32f7xx_hal_pwr.o
                0x000000000800263c                HAL_PWR_EnableBkUpAccess
 .text.HAL_PWREx_EnableOverDrive
                0x000000000800265c       0xa0 ./Drivers/STM32F7xx_HAL_Driver/Src/stm32f7xx_hal_pwr_ex.o
                0x000000000800265c                HAL_PWREx_EnableOverDrive
 .text.HAL_RCC_OscConfig
                0x00000000080026fc      0x55c ./Drivers/STM32F7xx_HAL_Driver/Src/stm32f7xx_hal_rcc.o
                0x00000000080026fc                HAL_RCC_OscConfig
 .text.HAL_RCC_ClockConfig
                0x0000000008002c58      0x1d8 ./Drivers/STM32F7xx_HAL_Driver/Src/stm32f7xx_hal_rcc.o
                0x0000000008002c58                HAL_RCC_ClockConfig
 .text.HAL_RCC_GetSysClockFreq
                0x0000000008002e30      0x20c ./Drivers/STM32F7xx_HAL_Driver/Src/stm32f7xx_hal_rcc.o
                0x0000000008002e30                HAL_RCC_GetSysClockFreq
 .text.arm_rfft_fast_init_f32
                0x000000000800303c      0x164 /home/nathan/STM32CubeIDE/workspace/GuitarPedalHat/lib/libarm_cortexM7lfsp_math.a(arm_rfft_fast_init_f32.o)
                0x000000000800303c                arm_rfft_fast_init_f32
 .text.arm_rfft_fast_f32
                0x00000000080031a0      0x188 /home/nathan/STM32CubeIDE/workspace/GuitarPedalHat/lib/libarm_cortexM7lfsp_math.a(arm_rfft_fast_f32.o)
                0x00000000080031a0                arm_rfft_fast_f32
 .text.arm_cfft_radix8by2_f32
                0x0000000008003328      0x1a4 /home/nathan/STM32CubeIDE/workspace/GuitarPedalHat/lib/libarm_cortexM7lfsp_math.a(arm_cfft_f32.o)
                0x0000000008003328                arm_cfft_radix8by2_f32
 .text.arm_cfft_radix8by4_f32
                0x00000000080034cc      0x4b0 /home/nathan/STM32CubeIDE/workspace/GuitarPedalHat/lib/libarm_cortexM7lfsp_math.a(arm_cfft_f32.o)
                0x00000000080034cc                arm_cfft_radix8by4_f32
 .text.arm_cfft_f32
                0x000000000800397c       0xf0 /home/nathan/STM32CubeIDE/workspace/GuitarPedalHat/lib/libarm_cortexM7lfsp_math.a(arm_cfft_f32.o)
                0x000000000800397c                arm_cfft_f32
 .text.arm_cmplx_mag_f32
                0x0000000008003a6c      0x1d0 /home/nathan/STM32CubeIDE/workspace/GuitarPedalHat/lib/libarm_cortexM7lfsp_math.a(arm_cmplx_mag_f32.o)
                0x0000000008003a6c                arm_cmplx_mag_f32
 .text.arm_sin_f32
                0x0000000008003c3c       0x88 /home/nathan/STM32CubeIDE/workspace/GuitarPedalHat/lib/libarm_cortexM7lfsp_math.a(arm_sin_f32.o)
                0x0000000008003c3c                arm_sin_f32
 .text.arm_cos_f32
                0x0000000008003cc4       0x80 /home/nathan/STM32CubeIDE/workspace/GuitarPedalHat/lib/libarm_cortexM7lfsp_math.a(arm_cos_f32.o)
                0x0000000008003cc4                arm_cos_f32
 .text.arm_radix8_butterfly_f32
                0x0000000008003d44      0x5c0 /home/nathan/STM32CubeIDE/workspace/GuitarPedalHat/lib/libarm_cortexM7lfsp_math.a(arm_cfft_radix8_f32.o)
                0x0000000008003d44                arm_radix8_butterfly_f32
 .text.__errno  0x0000000008004304        0xc /usr/lib/gcc/arm-none-eabi/12.2.0/../../../../arm-none-eabi/lib/thumb/v7e-m+dp/hard/libc_nano.a(lib_a-errno.o)
                0x0000000008004304                __errno
 .text.__libc_init_array
                0x0000000008004310       0x48 /usr/lib/gcc/arm-none-eabi/12.2.0/../../../../arm-none-eabi/lib/thumb/v7e-m+dp/hard/libc_nano.a(lib_a-init.o)
                0x0000000008004310                __libc_init_array
 .text.memset   0x0000000008004358       0x10 /usr/lib/gcc/arm-none-eabi/12.2.0/../../../../arm-none-eabi/lib/thumb/v7e-m+dp/hard/libc_nano.a(lib_a-memset.o)
                0x0000000008004358                memset
 .text.__cvt    0x0000000008004368       0xa4 /usr/lib/gcc/arm-none-eabi/12.2.0/../../../../arm-none-eabi/lib/thumb/v7e-m+dp/hard/libc_nano.a(lib_a-nano-vfprintf_float.o)
                0x0000000008004368                __cvt
 .text.__exponent
                0x000000000800440c       0x7c /usr/lib/gcc/arm-none-eabi/12.2.0/../../../../arm-none-eabi/lib/thumb/v7e-m+dp/hard/libc_nano.a(lib_a-nano-vfprintf_float.o)
                0x000000000800440c                __exponent
 .text._printf_float
                0x0000000008004488      0x434 /usr/lib/gcc/arm-none-eabi/12.2.0/../../../../arm-none-eabi/lib/thumb/v7e-m+dp/hard/libc_nano.a(lib_a-nano-vfprintf_float.o)
                0x0000000008004488                _printf_float
 .text._printf_common
                0x00000000080048bc       0xda /usr/lib/gcc/arm-none-eabi/12.2.0/../../../../arm-none-eabi/lib/thumb/v7e-m+dp/hard/libc_nano.a(lib_a-nano-vfprintf_i.o)
                0x00000000080048bc                _printf_common
 *fill*         0x0000000008004996        0x2 
 .text._printf_i
                0x0000000008004998      0x244 /usr/lib/gcc/arm-none-eabi/12.2.0/../../../../arm-none-eabi/lib/thumb/v7e-m+dp/hard/libc_nano.a(lib_a-nano-vfprintf_i.o)
                0x0000000008004998                _printf_i
 .text.sprintf  0x0000000008004bdc       0x40 /usr/lib/gcc/arm-none-eabi/12.2.0/../../../../arm-none-eabi/lib/thumb/v7e-m+dp/hard/libc_nano.a(lib_a-sprintf.o)
                0x0000000008004bdc                sprintf
                0x0000000008004bdc                siprintf
 .text.quorem   0x0000000008004c1c      0x110 /usr/lib/gcc/arm-none-eabi/12.2.0/../../../../arm-none-eabi/lib/thumb/v7e-m+dp/hard/libc_nano.a(lib_a-dtoa.o)
 *fill*         0x0000000008004d2c        0x4 
 .text._dtoa_r  0x0000000008004d30      0xad8 /usr/lib/gcc/arm-none-eabi/12.2.0/../../../../arm-none-eabi/lib/thumb/v7e-m+dp/hard/libc_nano.a(lib_a-dtoa.o)
                0x0000000008004d30                _dtoa_r
 .text._localeconv_r
                0x0000000008005808        0x8 /usr/lib/gcc/arm-none-eabi/12.2.0/../../../../arm-none-eabi/lib/thumb/v7e-m+dp/hard/libc_nano.a(lib_a-localeconv.o)
                0x0000000008005808                _localeconv_r
 .text.__retarget_lock_init_recursive
                0x0000000008005810        0x2 /usr/lib/gcc/arm-none-eabi/12.2.0/../../../../arm-none-eabi/lib/thumb/v7e-m+dp/hard/libc_nano.a(lib_a-lock.o)
                0x0000000008005810                __retarget_lock_init_recursive
 .text.__retarget_lock_acquire_recursive
                0x0000000008005812        0x2 /usr/lib/gcc/arm-none-eabi/12.2.0/../../../../arm-none-eabi/lib/thumb/v7e-m+dp/hard/libc_nano.a(lib_a-lock.o)
                0x0000000008005812                __retarget_lock_acquire_recursive
 .text.__retarget_lock_release_recursive
                0x0000000008005814        0x2 /usr/lib/gcc/arm-none-eabi/12.2.0/../../../../arm-none-eabi/lib/thumb/v7e-m+dp/hard/libc_nano.a(lib_a-lock.o)
                0x0000000008005814                __retarget_lock_release_recursive
 *fill*         0x0000000008005816        0x2 
 .text.malloc   0x0000000008005818       0x10 /usr/lib/gcc/arm-none-eabi/12.2.0/../../../../arm-none-eabi/lib/thumb/v7e-m+dp/hard/libc_nano.a(lib_a-malloc.o)
                0x0000000008005818                malloc
 .text.__ascii_mbtowc
                0x0000000008005828       0x24 /usr/lib/gcc/arm-none-eabi/12.2.0/../../../../arm-none-eabi/lib/thumb/v7e-m+dp/hard/libc_nano.a(lib_a-mbtowc_r.o)
                0x0000000008005828                __ascii_mbtowc
 .text.memcpy   0x000000000800584c       0x1c /usr/lib/gcc/arm-none-eabi/12.2.0/../../../../arm-none-eabi/lib/thumb/v7e-m+dp/hard/libc_nano.a(lib_a-memcpy-stub.o)
                0x000000000800584c                memcpy
 .text._Balloc  0x0000000008005868       0x80 /usr/lib/gcc/arm-none-eabi/12.2.0/../../../../arm-none-eabi/lib/thumb/v7e-m+dp/hard/libc_nano.a(lib_a-mprec.o)
                0x0000000008005868                _Balloc
 .text._Bfree   0x00000000080058e8       0x44 /usr/lib/gcc/arm-none-eabi/12.2.0/../../../../arm-none-eabi/lib/thumb/v7e-m+dp/hard/libc_nano.a(lib_a-mprec.o)
                0x00000000080058e8                _Bfree
 .text.__multadd
                0x000000000800592c       0x8c /usr/lib/gcc/arm-none-eabi/12.2.0/../../../../arm-none-eabi/lib/thumb/v7e-m+dp/hard/libc_nano.a(lib_a-mprec.o)
                0x000000000800592c                __multadd
 .text.__hi0bits
                0x00000000080059b8       0x40 /usr/lib/gcc/arm-none-eabi/12.2.0/../../../../arm-none-eabi/lib/thumb/v7e-m+dp/hard/libc_nano.a(lib_a-mprec.o)
                0x00000000080059b8                __hi0bits
 .text.__lo0bits
                0x00000000080059f8       0x5a /usr/lib/gcc/arm-none-eabi/12.2.0/../../../../arm-none-eabi/lib/thumb/v7e-m+dp/hard/libc_nano.a(lib_a-mprec.o)
                0x00000000080059f8                __lo0bits
 *fill*         0x0000000008005a52        0x2 
 .text.__i2b    0x0000000008005a54       0x2c /usr/lib/gcc/arm-none-eabi/12.2.0/../../../../arm-none-eabi/lib/thumb/v7e-m+dp/hard/libc_nano.a(lib_a-mprec.o)
                0x0000000008005a54                __i2b
 .text.__multiply
                0x0000000008005a80      0x154 /usr/lib/gcc/arm-none-eabi/12.2.0/../../../../arm-none-eabi/lib/thumb/v7e-m+dp/hard/libc_nano.a(lib_a-mprec.o)
                0x0000000008005a80                __multiply
 .text.__pow5mult
                0x0000000008005bd4       0xb4 /usr/lib/gcc/arm-none-eabi/12.2.0/../../../../arm-none-eabi/lib/thumb/v7e-m+dp/hard/libc_nano.a(lib_a-mprec.o)
                0x0000000008005bd4                __pow5mult
 .text.__lshift
                0x0000000008005c88       0xd8 /usr/lib/gcc/arm-none-eabi/12.2.0/../../../../arm-none-eabi/lib/thumb/v7e-m+dp/hard/libc_nano.a(lib_a-mprec.o)
                0x0000000008005c88                __lshift
 .text.__mcmp   0x0000000008005d60       0x38 /usr/lib/gcc/arm-none-eabi/12.2.0/../../../../arm-none-eabi/lib/thumb/v7e-m+dp/hard/libc_nano.a(lib_a-mprec.o)
                0x0000000008005d60                __mcmp
 .text.__mdiff  0x0000000008005d98      0x114 /usr/lib/gcc/arm-none-eabi/12.2.0/../../../../arm-none-eabi/lib/thumb/v7e-m+dp/hard/libc_nano.a(lib_a-mprec.o)
                0x0000000008005d98                __mdiff
 .text.__d2b    0x0000000008005eac       0xb4 /usr/lib/gcc/arm-none-eabi/12.2.0/../../../../arm-none-eabi/lib/thumb/v7e-m+dp/hard/libc_nano.a(lib_a-mprec.o)
                0x0000000008005eac                __d2b
 .text._calloc_r
                0x0000000008005f60       0x2c /usr/lib/gcc/arm-none-eabi/12.2.0/../../../../arm-none-eabi/lib/thumb/v7e-m+dp/hard/libc_nano.a(lib_a-nano-callocr.o)
                0x0000000008005f60                _calloc_r
 .text._free_r  0x0000000008005f8c       0x98 /usr/lib/gcc/arm-none-eabi/12.2.0/../../../../arm-none-eabi/lib/thumb/v7e-m+dp/hard/libc_nano.a(lib_a-nano-freer.o)
                0x0000000008005f8c                _free_r
 .text.sbrk_aligned
                0x0000000008006024       0x40 /usr/lib/gcc/arm-none-eabi/12.2.0/../../../../arm-none-eabi/lib/thumb/v7e-m+dp/hard/libc_nano.a(lib_a-nano-mallocr.o)
 .text._malloc_r
                0x0000000008006064       0xe8 /usr/lib/gcc/arm-none-eabi/12.2.0/../../../../arm-none-eabi/lib/thumb/v7e-m+dp/hard/libc_nano.a(lib_a-nano-mallocr.o)
                0x0000000008006064                _malloc_r
 .text.__ssputs_r
                0x000000000800614c       0xb4 /usr/lib/gcc/arm-none-eabi/12.2.0/../../../../arm-none-eabi/lib/thumb/v7e-m+dp/hard/libc_nano.a(lib_a-nano-svfprintf.o)
                0x000000000800614c                __ssputs_r
 .text._svfprintf_r
                0x0000000008006200      0x1fc /usr/lib/gcc/arm-none-eabi/12.2.0/../../../../arm-none-eabi/lib/thumb/v7e-m+dp/hard/libc_nano.a(lib_a-nano-svfprintf.o)
                0x0000000008006200                _svfprintf_r
                0x0000000008006200                _svfiprintf_r
 .text._sbrk_r  0x00000000080063fc       0x20 /usr/lib/gcc/arm-none-eabi/12.2.0/../../../../arm-none-eabi/lib/thumb/v7e-m+dp/hard/libc_nano.a(lib_a-sbrkr.o)
                0x00000000080063fc                _sbrk_r
 .text.__ascii_wctomb
                0x000000000800641c       0x1a /usr/lib/gcc/arm-none-eabi/12.2.0/../../../../arm-none-eabi/lib/thumb/v7e-m+dp/hard/libc_nano.a(lib_a-wctomb_r.o)
                0x000000000800641c                __ascii_wctomb
 *fill*         0x0000000008006436        0x2 
 .text.__assert_func
                0x0000000008006438       0x3c /usr/lib/gcc/arm-none-eabi/12.2.0/../../../../arm-none-eabi/lib/thumb/v7e-m+dp/hard/libc_nano.a(lib_a-assert.o)
                0x0000000008006438                __assert_func
 .text.fprintf  0x0000000008006474       0x24 /usr/lib/gcc/arm-none-eabi/12.2.0/../../../../arm-none-eabi/lib/thumb/v7e-m+dp/hard/libc_nano.a(lib_a-fprintf.o)
                0x0000000008006474                fprintf
                0x0000000008006474                fiprintf
 .text.memmove  0x0000000008006498       0x34 /usr/lib/gcc/arm-none-eabi/12.2.0/../../../../arm-none-eabi/lib/thumb/v7e-m+dp/hard/libc_nano.a(lib_a-memmove.o)
                0x0000000008006498                memmove
 .text.__malloc_lock
                0x00000000080064cc        0xc /usr/lib/gcc/arm-none-eabi/12.2.0/../../../../arm-none-eabi/lib/thumb/v7e-m+dp/hard/libc_nano.a(lib_a-mlock.o)
                0x00000000080064cc                __malloc_lock
 .text.__malloc_unlock
                0x00000000080064d8        0xc /usr/lib/gcc/arm-none-eabi/12.2.0/../../../../arm-none-eabi/lib/thumb/v7e-m+dp/hard/libc_nano.a(lib_a-mlock.o)
                0x00000000080064d8                __malloc_unlock
 .text._realloc_r
                0x00000000080064e4       0x5e /usr/lib/gcc/arm-none-eabi/12.2.0/../../../../arm-none-eabi/lib/thumb/v7e-m+dp/hard/libc_nano.a(lib_a-nano-reallocr.o)
                0x00000000080064e4                _realloc_r
 .text.__sfputc_r
                0x0000000008006542       0x2e /usr/lib/gcc/arm-none-eabi/12.2.0/../../../../arm-none-eabi/lib/thumb/v7e-m+dp/hard/libc_nano.a(lib_a-nano-vfprintf.o)
 .text.__sfputs_r
                0x0000000008006570       0x24 /usr/lib/gcc/arm-none-eabi/12.2.0/../../../../arm-none-eabi/lib/thumb/v7e-m+dp/hard/libc_nano.a(lib_a-nano-vfprintf.o)
                0x0000000008006570                __sfputs_r
 .text._vfprintf_r
                0x0000000008006594      0x25c /usr/lib/gcc/arm-none-eabi/12.2.0/../../../../arm-none-eabi/lib/thumb/v7e-m+dp/hard/libc_nano.a(lib_a-nano-vfprintf.o)
                0x0000000008006594                _vfiprintf_r
                0x0000000008006594                _vfprintf_r
 .text.__swbuf_r
                0x00000000080067f0       0xa4 /usr/lib/gcc/arm-none-eabi/12.2.0/../../../../arm-none-eabi/lib/thumb/v7e-m+dp/hard/libc_nano.a(lib_a-wbuf.o)
                0x00000000080067f0                __swbuf_r
 .text.__swsetup_r
                0x0000000008006894       0xdc /usr/lib/gcc/arm-none-eabi/12.2.0/../../../../arm-none-eabi/lib/thumb/v7e-m+dp/hard/libc_nano.a(lib_a-wsetup.o)
                0x0000000008006894                __swsetup_r
 .text.abort    0x0000000008006970        0xe /usr/lib/gcc/arm-none-eabi/12.2.0/../../../../arm-none-eabi/lib/thumb/v7e-m+dp/hard/libc_nano.a(lib_a-abort.o)
                0x0000000008006970                abort
 *fill*         0x000000000800697e        0x2 
 .text.__sflush_r
                0x0000000008006980      0x10c /usr/lib/gcc/arm-none-eabi/12.2.0/../../../../arm-none-eabi/lib/thumb/v7e-m+dp/hard/libc_nano.a(lib_a-fflush.o)
                0x0000000008006980                __sflush_r
 .text._fflush_r
                0x0000000008006a8c       0x78 /usr/lib/gcc/arm-none-eabi/12.2.0/../../../../arm-none-eabi/lib/thumb/v7e-m+dp/hard/libc_nano.a(lib_a-fflush.o)
                0x0000000008006a8c                _fflush_r
 .text.std      0x0000000008006b04       0x48 /usr/lib/gcc/arm-none-eabi/12.2.0/../../../../arm-none-eabi/lib/thumb/v7e-m+dp/hard/libc_nano.a(lib_a-findfp.o)
 .text._cleanup_r
                0x0000000008006b4c        0xc /usr/lib/gcc/arm-none-eabi/12.2.0/../../../../arm-none-eabi/lib/thumb/v7e-m+dp/hard/libc_nano.a(lib_a-findfp.o)
                0x0000000008006b4c                _cleanup_r
 .text.__sfmoreglue
                0x0000000008006b58       0x2c /usr/lib/gcc/arm-none-eabi/12.2.0/../../../../arm-none-eabi/lib/thumb/v7e-m+dp/hard/libc_nano.a(lib_a-findfp.o)
                0x0000000008006b58                __sfmoreglue
 .text.__sfp_lock_acquire
                0x0000000008006b84        0xc /usr/lib/gcc/arm-none-eabi/12.2.0/../../../../arm-none-eabi/lib/thumb/v7e-m+dp/hard/libc_nano.a(lib_a-findfp.o)
                0x0000000008006b84                __sfp_lock_acquire
 .text.__sfp_lock_release
                0x0000000008006b90        0xc /usr/lib/gcc/arm-none-eabi/12.2.0/../../../../arm-none-eabi/lib/thumb/v7e-m+dp/hard/libc_nano.a(lib_a-findfp.o)
                0x0000000008006b90                __sfp_lock_release
 .text.__sinit_lock_acquire
                0x0000000008006b9c        0xc /usr/lib/gcc/arm-none-eabi/12.2.0/../../../../arm-none-eabi/lib/thumb/v7e-m+dp/hard/libc_nano.a(lib_a-findfp.o)
                0x0000000008006b9c                __sinit_lock_acquire
 .text.__sinit_lock_release
                0x0000000008006ba8        0xc /usr/lib/gcc/arm-none-eabi/12.2.0/../../../../arm-none-eabi/lib/thumb/v7e-m+dp/hard/libc_nano.a(lib_a-findfp.o)
                0x0000000008006ba8                __sinit_lock_release
 .text.__sinit  0x0000000008006bb4       0x70 /usr/lib/gcc/arm-none-eabi/12.2.0/../../../../arm-none-eabi/lib/thumb/v7e-m+dp/hard/libc_nano.a(lib_a-findfp.o)
                0x0000000008006bb4                __sinit
 .text.__sfp    0x0000000008006c24       0x8c /usr/lib/gcc/arm-none-eabi/12.2.0/../../../../arm-none-eabi/lib/thumb/v7e-m+dp/hard/libc_nano.a(lib_a-findfp.o)
                0x0000000008006c24                __sfp
 .text._fwalk_reent
                0x0000000008006cb0       0x3e /usr/lib/gcc/arm-none-eabi/12.2.0/../../../../arm-none-eabi/lib/thumb/v7e-m+dp/hard/libc_nano.a(lib_a-fwalk.o)
                0x0000000008006cb0                _fwalk_reent
 .text.__swhatbuf_r
                0x0000000008006cee       0x4c /usr/lib/gcc/arm-none-eabi/12.2.0/../../../../arm-none-eabi/lib/thumb/v7e-m+dp/hard/libc_nano.a(lib_a-makebuf.o)
                0x0000000008006cee                __swhatbuf_r
 *fill*         0x0000000008006d3a        0x2 
 .text.__smakebuf_r
                0x0000000008006d3c       0x80 /usr/lib/gcc/arm-none-eabi/12.2.0/../../../../arm-none-eabi/lib/thumb/v7e-m+dp/hard/libc_nano.a(lib_a-makebuf.o)
                0x0000000008006d3c                __smakebuf_r
 .text._malloc_usable_size_r
                0x0000000008006dbc       0x10 /usr/lib/gcc/arm-none-eabi/12.2.0/../../../../arm-none-eabi/lib/thumb/v7e-m+dp/hard/libc_nano.a(lib_a-nano-msizer.o)
                0x0000000008006dbc                _malloc_usable_size_r
 .text._raise_r
                0x0000000008006dcc       0x50 /usr/lib/gcc/arm-none-eabi/12.2.0/../../../../arm-none-eabi/lib/thumb/v7e-m+dp/hard/libc_nano.a(lib_a-signal.o)
                0x0000000008006dcc                _raise_r
 .text.raise    0x0000000008006e1c       0x10 /usr/lib/gcc/arm-none-eabi/12.2.0/../../../../arm-none-eabi/lib/thumb/v7e-m+dp/hard/libc_nano.a(lib_a-signal.o)
                0x0000000008006e1c                raise
 .text._kill_r  0x0000000008006e2c       0x24 /usr/lib/gcc/arm-none-eabi/12.2.0/../../../../arm-none-eabi/lib/thumb/v7e-m+dp/hard/libc_nano.a(lib_a-signalr.o)
                0x0000000008006e2c                _kill_r
 .text._getpid_r
                0x0000000008006e50        0x4 /usr/lib/gcc/arm-none-eabi/12.2.0/../../../../arm-none-eabi/lib/thumb/v7e-m+dp/hard/libc_nano.a(lib_a-signalr.o)
                0x0000000008006e50                _getpid_r
 .text.__sread  0x0000000008006e54       0x22 /usr/lib/gcc/arm-none-eabi/12.2.0/../../../../arm-none-eabi/lib/thumb/v7e-m+dp/hard/libc_nano.a(lib_a-stdio.o)
                0x0000000008006e54                __sread
 .text.__swrite
                0x0000000008006e76       0x38 /usr/lib/gcc/arm-none-eabi/12.2.0/../../../../arm-none-eabi/lib/thumb/v7e-m+dp/hard/libc_nano.a(lib_a-stdio.o)
                0x0000000008006e76                __swrite
 .text.__sseek  0x0000000008006eae       0x24 /usr/lib/gcc/arm-none-eabi/12.2.0/../../../../arm-none-eabi/lib/thumb/v7e-m+dp/hard/libc_nano.a(lib_a-stdio.o)
                0x0000000008006eae                __sseek
 .text.__sclose
                0x0000000008006ed2        0x8 /usr/lib/gcc/arm-none-eabi/12.2.0/../../../../arm-none-eabi/lib/thumb/v7e-m+dp/hard/libc_nano.a(lib_a-stdio.o)
                0x0000000008006ed2                __sclose
 *fill*         0x0000000008006eda        0x2 
 .text._write_r
                0x0000000008006edc       0x24 /usr/lib/gcc/arm-none-eabi/12.2.0/../../../../arm-none-eabi/lib/thumb/v7e-m+dp/hard/libc_nano.a(lib_a-writer.o)
                0x0000000008006edc                _write_r
 .text._close_r
                0x0000000008006f00       0x20 /usr/lib/gcc/arm-none-eabi/12.2.0/../../../../arm-none-eabi/lib/thumb/v7e-m+dp/hard/libc_nano.a(lib_a-closer.o)
                0x0000000008006f00                _close_r
 .text._fstat_r
                0x0000000008006f20       0x24 /usr/lib/gcc/arm-none-eabi/12.2.0/../../../../arm-none-eabi/lib/thumb/v7e-m+dp/hard/libc_nano.a(lib_a-fstatr.o)
                0x0000000008006f20                _fstat_r
 .text._isatty_r
                0x0000000008006f44       0x20 /usr/lib/gcc/arm-none-eabi/12.2.0/../../../../arm-none-eabi/lib/thumb/v7e-m+dp/hard/libc_nano.a(lib_a-isattyr.o)
                0x0000000008006f44                _isatty_r
 .text._lseek_r
                0x0000000008006f64       0x24 /usr/lib/gcc/arm-none-eabi/12.2.0/../../../../arm-none-eabi/lib/thumb/v7e-m+dp/hard/libc_nano.a(lib_a-lseekr.o)
                0x0000000008006f64                _lseek_r
 .text._read_r  0x0000000008006f88       0x24 /usr/lib/gcc/arm-none-eabi/12.2.0/../../../../arm-none-eabi/lib/thumb/v7e-m+dp/hard/libc_nano.a(lib_a-readr.o)
                0x0000000008006f88                _read_r
 .text.atan2f   0x0000000008006fac        0x4 /usr/lib/gcc/arm-none-eabi/12.2.0/../../../../arm-none-eabi/lib/thumb/v7e-m+dp/hard/libm.a(lib_a-wf_atan2.o)
                0x0000000008006fac                atan2f
 .text.fmodf    0x0000000008006fb0       0x48 /usr/lib/gcc/arm-none-eabi/12.2.0/../../../../arm-none-eabi/lib/thumb/v7e-m+dp/hard/libm.a(lib_a-wf_fmod.o)
                0x0000000008006fb0                fmodf
 .text.sqrtf    0x0000000008006ff8       0x44 /usr/lib/gcc/arm-none-eabi/12.2.0/../../../../arm-none-eabi/lib/thumb/v7e-m+dp/hard/libm.a(lib_a-wf_sqrt.o)
                0x0000000008006ff8                sqrtf
 .text.__ieee754_atan2f
                0x000000000800703c      0x14c /usr/lib/gcc/arm-none-eabi/12.2.0/../../../../arm-none-eabi/lib/thumb/v7e-m+dp/hard/libm.a(lib_a-ef_atan2.o)
                0x000000000800703c                __ieee754_atan2f
 .text.__ieee754_fmodf
                0x0000000008007188      0x120 /usr/lib/gcc/arm-none-eabi/12.2.0/../../../../arm-none-eabi/lib/thumb/v7e-m+dp/hard/libm.a(lib_a-ef_fmod.o)
                0x0000000008007188                __ieee754_fmodf
 .text.__ieee754_sqrtf
                0x00000000080072a8        0x8 /usr/lib/gcc/arm-none-eabi/12.2.0/../../../../arm-none-eabi/lib/thumb/v7e-m+dp/hard/libm.a(lib_a-ef_sqrt.o)
                0x00000000080072a8                __ieee754_sqrtf
 .text.atanf    0x00000000080072b0      0x1a4 /usr/lib/gcc/arm-none-eabi/12.2.0/../../../../arm-none-eabi/lib/thumb/v7e-m+dp/hard/libm.a(lib_a-sf_atan.o)
                0x00000000080072b0                atanf
 .text.fabsf    0x0000000008007454       0x10 /usr/lib/gcc/arm-none-eabi/12.2.0/../../../../arm-none-eabi/lib/thumb/v7e-m+dp/hard/libm.a(lib_a-sf_fabs.o)
                0x0000000008007454                fabsf
 .text.__udivmoddi4
                0x0000000008007464      0x2a0 /usr/lib/gcc/arm-none-eabi/12.2.0/thumb/v7e-m+dp/hard/libgcc.a(_udivmoddi4.o)
                0x0000000008007464                __udivmoddi4
 *(.glue_7)
 .glue_7        0x0000000008007704        0x0 linker stubs
 *(.glue_7t)
 .glue_7t       0x0000000008007704        0x0 linker stubs
 *(.eh_frame)
 .eh_frame      0x0000000008007704        0x0 /usr/lib/gcc/arm-none-eabi/12.2.0/thumb/v7e-m+dp/hard/crtbegin.o
 *(.init)
 .init          0x0000000008007704        0x4 /usr/lib/gcc/arm-none-eabi/12.2.0/thumb/v7e-m+dp/hard/crti.o
                0x0000000008007704                _init
 .init          0x0000000008007708        0x8 /usr/lib/gcc/arm-none-eabi/12.2.0/thumb/v7e-m+dp/hard/crtn.o
 *(.fini)
 .fini          0x0000000008007710        0x4 /usr/lib/gcc/arm-none-eabi/12.2.0/thumb/v7e-m+dp/hard/crti.o
                0x0000000008007710                _fini
 .fini          0x0000000008007714        0x8 /usr/lib/gcc/arm-none-eabi/12.2.0/thumb/v7e-m+dp/hard/crtn.o
                0x000000000800771c                . = ALIGN (0x4)
                0x000000000800771c                _etext = .

.vfp11_veneer   0x000000000800771c        0x0
 .vfp11_veneer  0x000000000800771c        0x0 linker stubs

.v4_bx          0x000000000800771c        0x0
 .v4_bx         0x000000000800771c        0x0 linker stubs

.iplt           0x000000000800771c        0x0
 .iplt          0x000000000800771c        0x0 /usr/lib/gcc/arm-none-eabi/12.2.0/thumb/v7e-m+dp/hard/crtbegin.o

.rodata         0x0000000008007720    0x14094
                0x0000000008007720                . = ALIGN (0x4)
 *(.rodata)
 *(.rodata*)
 .rodata.main.str1.4
                0x0000000008007720       0x22 ./Core/Src/main.o
 *fill*         0x0000000008007742        0x2 
 .rodata.FFT_Test.str1.4
                0x0000000008007744        0x7 ./Core/Src/main.o
 *fill*         0x000000000800774b        0x1 
 .rodata.Configure_MCP3561R.str1.4
                0x000000000800774c        0x6 ./Core/Src/main.o
 *fill*         0x0000000008007752        0x2 
 .rodata.AHBPrescTable
                0x0000000008007754       0x10 ./Core/Src/system_stm32f7xx.o
                0x0000000008007754                AHBPrescTable
 .rodata.twiddleCoef_2048
                0x0000000008007764     0x4000 /home/nathan/STM32CubeIDE/workspace/GuitarPedalHat/lib/libarm_cortexM7lfsp_math.a(arm_common_tables.o)
                0x0000000008007764                twiddleCoef_2048
 .rodata.twiddleCoef_rfft_64
                0x000000000800b764      0x100 /home/nathan/STM32CubeIDE/workspace/GuitarPedalHat/lib/libarm_cortexM7lfsp_math.a(arm_common_tables.o)
                0x000000000800b764                twiddleCoef_rfft_64
 .rodata.armBitRevIndexTable64
                0x000000000800b864       0x70 /home/nathan/STM32CubeIDE/workspace/GuitarPedalHat/lib/libarm_cortexM7lfsp_math.a(arm_common_tables.o)
                0x000000000800b864                armBitRevIndexTable64
 .rodata.twiddleCoef_rfft_2048
                0x000000000800b8d4     0x2000 /home/nathan/STM32CubeIDE/workspace/GuitarPedalHat/lib/libarm_cortexM7lfsp_math.a(arm_common_tables.o)
                0x000000000800b8d4                twiddleCoef_rfft_2048
 .rodata.twiddleCoef_rfft_4096
                0x000000000800d8d4     0x4000 /home/nathan/STM32CubeIDE/workspace/GuitarPedalHat/lib/libarm_cortexM7lfsp_math.a(arm_common_tables.o)
                0x000000000800d8d4                twiddleCoef_rfft_4096
 .rodata.twiddleCoef_256
                0x00000000080118d4      0x800 /home/nathan/STM32CubeIDE/workspace/GuitarPedalHat/lib/libarm_cortexM7lfsp_math.a(arm_common_tables.o)
                0x00000000080118d4                twiddleCoef_256
 .rodata.twiddleCoef_16
                0x00000000080120d4       0x80 /home/nathan/STM32CubeIDE/workspace/GuitarPedalHat/lib/libarm_cortexM7lfsp_math.a(arm_common_tables.o)
                0x00000000080120d4                twiddleCoef_16
 .rodata.twiddleCoef_1024
                0x0000000008012154     0x2000 /home/nathan/STM32CubeIDE/workspace/GuitarPedalHat/lib/libarm_cortexM7lfsp_math.a(arm_common_tables.o)
                0x0000000008012154                twiddleCoef_1024
 .rodata.twiddleCoef_32
                0x0000000008014154      0x100 /home/nathan/STM32CubeIDE/workspace/GuitarPedalHat/lib/libarm_cortexM7lfsp_math.a(arm_common_tables.o)
                0x0000000008014154                twiddleCoef_32
 .rodata.armBitRevIndexTable1024
                0x0000000008014254      0xe10 /home/nathan/STM32CubeIDE/workspace/GuitarPedalHat/lib/libarm_cortexM7lfsp_math.a(arm_common_tables.o)
                0x0000000008014254                armBitRevIndexTable1024
 .rodata.armBitRevIndexTable16
                0x0000000008015064       0x28 /home/nathan/STM32CubeIDE/workspace/GuitarPedalHat/lib/libarm_cortexM7lfsp_math.a(arm_common_tables.o)
                0x0000000008015064                armBitRevIndexTable16
 .rodata.twiddleCoef_rfft_32
                0x000000000801508c       0x80 /home/nathan/STM32CubeIDE/workspace/GuitarPedalHat/lib/libarm_cortexM7lfsp_math.a(arm_common_tables.o)
                0x000000000801508c                twiddleCoef_rfft_32
 .rodata.armBitRevIndexTable32
                0x000000000801510c       0x60 /home/nathan/STM32CubeIDE/workspace/GuitarPedalHat/lib/libarm_cortexM7lfsp_math.a(arm_common_tables.o)
                0x000000000801510c                armBitRevIndexTable32
 .rodata.sinTable_f32
                0x000000000801516c      0x804 /home/nathan/STM32CubeIDE/workspace/GuitarPedalHat/lib/libarm_cortexM7lfsp_math.a(arm_common_tables.o)
                0x000000000801516c                sinTable_f32
 .rodata.twiddleCoef_128
                0x0000000008015970      0x400 /home/nathan/STM32CubeIDE/workspace/GuitarPedalHat/lib/libarm_cortexM7lfsp_math.a(arm_common_tables.o)
                0x0000000008015970                twiddleCoef_128
 .rodata.twiddleCoef_512
                0x0000000008015d70     0x1000 /home/nathan/STM32CubeIDE/workspace/GuitarPedalHat/lib/libarm_cortexM7lfsp_math.a(arm_common_tables.o)
                0x0000000008015d70                twiddleCoef_512
 .rodata.armBitRevIndexTable2048
                0x0000000008016d70     0x1dc0 /home/nathan/STM32CubeIDE/workspace/GuitarPedalHat/lib/libarm_cortexM7lfsp_math.a(arm_common_tables.o)
                0x0000000008016d70                armBitRevIndexTable2048
 .rodata.twiddleCoef_64
                0x0000000008018b30      0x200 /home/nathan/STM32CubeIDE/workspace/GuitarPedalHat/lib/libarm_cortexM7lfsp_math.a(arm_common_tables.o)
                0x0000000008018b30                twiddleCoef_64
 .rodata.twiddleCoef_rfft_512
                0x0000000008018d30      0x800 /home/nathan/STM32CubeIDE/workspace/GuitarPedalHat/lib/libarm_cortexM7lfsp_math.a(arm_common_tables.o)
                0x0000000008018d30                twiddleCoef_rfft_512
 .rodata.armBitRevIndexTable512
                0x0000000008019530      0x380 /home/nathan/STM32CubeIDE/workspace/GuitarPedalHat/lib/libarm_cortexM7lfsp_math.a(arm_common_tables.o)
                0x0000000008019530                armBitRevIndexTable512
 .rodata.twiddleCoef_rfft_1024
                0x00000000080198b0     0x1000 /home/nathan/STM32CubeIDE/workspace/GuitarPedalHat/lib/libarm_cortexM7lfsp_math.a(arm_common_tables.o)
                0x00000000080198b0                twiddleCoef_rfft_1024
 .rodata.twiddleCoef_rfft_256
                0x000000000801a8b0      0x400 /home/nathan/STM32CubeIDE/workspace/GuitarPedalHat/lib/libarm_cortexM7lfsp_math.a(arm_common_tables.o)
                0x000000000801a8b0                twiddleCoef_rfft_256
 .rodata.armBitRevIndexTable256
                0x000000000801acb0      0x370 /home/nathan/STM32CubeIDE/workspace/GuitarPedalHat/lib/libarm_cortexM7lfsp_math.a(arm_common_tables.o)
                0x000000000801acb0                armBitRevIndexTable256
 .rodata.twiddleCoef_rfft_128
                0x000000000801b020      0x200 /home/nathan/STM32CubeIDE/workspace/GuitarPedalHat/lib/libarm_cortexM7lfsp_math.a(arm_common_tables.o)
                0x000000000801b020                twiddleCoef_rfft_128
 .rodata.armBitRevIndexTable128
                0x000000000801b220      0x1a0 /home/nathan/STM32CubeIDE/workspace/GuitarPedalHat/lib/libarm_cortexM7lfsp_math.a(arm_common_tables.o)
                0x000000000801b220                armBitRevIndexTable128
 .rodata._global_impure_ptr
                0x000000000801b3c0        0x4 /usr/lib/gcc/arm-none-eabi/12.2.0/../../../../arm-none-eabi/lib/thumb/v7e-m+dp/hard/libc_nano.a(lib_a-impure.o)
                0x000000000801b3c0                _global_impure_ptr
 .rodata._printf_float.str1.1
                0x000000000801b3c4       0x12 /usr/lib/gcc/arm-none-eabi/12.2.0/../../../../arm-none-eabi/lib/thumb/v7e-m+dp/hard/libc_nano.a(lib_a-nano-vfprintf_float.o)
 .rodata._printf_i.str1.1
                0x000000000801b3d6       0x22 /usr/lib/gcc/arm-none-eabi/12.2.0/../../../../arm-none-eabi/lib/thumb/v7e-m+dp/hard/libc_nano.a(lib_a-nano-vfprintf_i.o)
 .rodata._dtoa_r.str1.1
                0x000000000801b3f8       0x7d /usr/lib/gcc/arm-none-eabi/12.2.0/../../../../arm-none-eabi/lib/thumb/v7e-m+dp/hard/libc_nano.a(lib_a-dtoa.o)
                                         0x7f (size before relaxing)
 .rodata._setlocale_r.str1.1
                0x000000000801b475        0x8 /usr/lib/gcc/arm-none-eabi/12.2.0/../../../../arm-none-eabi/lib/thumb/v7e-m+dp/hard/libc_nano.a(lib_a-locale.o)
                                          0x9 (size before relaxing)
 .rodata.str1.1
                0x000000000801b47d        0x2 /usr/lib/gcc/arm-none-eabi/12.2.0/../../../../arm-none-eabi/lib/thumb/v7e-m+dp/hard/libc_nano.a(lib_a-locale.o)
 .rodata._Balloc.str1.1
                0x000000000801b47f       0x49 /usr/lib/gcc/arm-none-eabi/12.2.0/../../../../arm-none-eabi/lib/thumb/v7e-m+dp/hard/libc_nano.a(lib_a-mprec.o)
                                         0x60 (size before relaxing)
 .rodata.__multadd.str1.1
                0x000000000801b4c8       0x11 /usr/lib/gcc/arm-none-eabi/12.2.0/../../../../arm-none-eabi/lib/thumb/v7e-m+dp/hard/libc_nano.a(lib_a-mprec.o)
 .rodata.__mprec_bigtens
                0x000000000801b4c8       0x28 /usr/lib/gcc/arm-none-eabi/12.2.0/../../../../arm-none-eabi/lib/thumb/v7e-m+dp/hard/libc_nano.a(lib_a-mprec.o)
                0x000000000801b4c8                __mprec_bigtens
 .rodata.__mprec_tens
                0x000000000801b4f0       0xc8 /usr/lib/gcc/arm-none-eabi/12.2.0/../../../../arm-none-eabi/lib/thumb/v7e-m+dp/hard/libc_nano.a(lib_a-mprec.o)
                0x000000000801b4f0                __mprec_tens
 .rodata.p05.0  0x000000000801b5b8        0xc /usr/lib/gcc/arm-none-eabi/12.2.0/../../../../arm-none-eabi/lib/thumb/v7e-m+dp/hard/libc_nano.a(lib_a-mprec.o)
 .rodata._svfprintf_r.str1.1
                0x000000000801b5c4       0x11 /usr/lib/gcc/arm-none-eabi/12.2.0/../../../../arm-none-eabi/lib/thumb/v7e-m+dp/hard/libc_nano.a(lib_a-nano-svfprintf.o)
 .rodata.__assert_func.str1.1
                0x000000000801b5d5       0x3c /usr/lib/gcc/arm-none-eabi/12.2.0/../../../../arm-none-eabi/lib/thumb/v7e-m+dp/hard/libc_nano.a(lib_a-assert.o)
                                         0x3d (size before relaxing)
 .rodata._ctype_
                0x000000000801b611      0x101 /usr/lib/gcc/arm-none-eabi/12.2.0/../../../../arm-none-eabi/lib/thumb/v7e-m+dp/hard/libc_nano.a(lib_a-ctype_.o)
                0x000000000801b611                _ctype_
 .rodata._vfprintf_r.str1.1
                0x000000000801b712       0x11 /usr/lib/gcc/arm-none-eabi/12.2.0/../../../../arm-none-eabi/lib/thumb/v7e-m+dp/hard/libc_nano.a(lib_a-nano-vfprintf.o)
 *fill*         0x000000000801b712        0x2 
 .rodata.__sf_fake_stderr
                0x000000000801b714       0x20 /usr/lib/gcc/arm-none-eabi/12.2.0/../../../../arm-none-eabi/lib/thumb/v7e-m+dp/hard/libc_nano.a(lib_a-findfp.o)
                0x000000000801b714                __sf_fake_stderr
 .rodata.__sf_fake_stdin
                0x000000000801b734       0x20 /usr/lib/gcc/arm-none-eabi/12.2.0/../../../../arm-none-eabi/lib/thumb/v7e-m+dp/hard/libc_nano.a(lib_a-findfp.o)
                0x000000000801b734                __sf_fake_stdin
 .rodata.__sf_fake_stdout
                0x000000000801b754       0x20 /usr/lib/gcc/arm-none-eabi/12.2.0/../../../../arm-none-eabi/lib/thumb/v7e-m+dp/hard/libc_nano.a(lib_a-findfp.o)
                0x000000000801b754                __sf_fake_stdout
 .rodata.CSWTCH.8
                0x000000000801b774        0xc /usr/lib/gcc/arm-none-eabi/12.2.0/../../../../arm-none-eabi/lib/thumb/v7e-m+dp/hard/libm.a(lib_a-ef_atan2.o)
 .rodata.CSWTCH.9
                0x000000000801b780        0xc /usr/lib/gcc/arm-none-eabi/12.2.0/../../../../arm-none-eabi/lib/thumb/v7e-m+dp/hard/libm.a(lib_a-ef_atan2.o)
 .rodata.Zero   0x000000000801b78c        0x8 /usr/lib/gcc/arm-none-eabi/12.2.0/../../../../arm-none-eabi/lib/thumb/v7e-m+dp/hard/libm.a(lib_a-ef_fmod.o)
 .rodata.atanhi
                0x000000000801b794       0x10 /usr/lib/gcc/arm-none-eabi/12.2.0/../../../../arm-none-eabi/lib/thumb/v7e-m+dp/hard/libm.a(lib_a-sf_atan.o)
 .rodata.atanlo
                0x000000000801b7a4       0x10 /usr/lib/gcc/arm-none-eabi/12.2.0/../../../../arm-none-eabi/lib/thumb/v7e-m+dp/hard/libm.a(lib_a-sf_atan.o)
                0x000000000801b7b4                . = ALIGN (0x4)

.ARM.extab      0x000000000801b7b4        0x0
                0x000000000801b7b4                . = ALIGN (0x4)
 *(.ARM.extab* .gnu.linkonce.armextab.*)
                0x000000000801b7b4                . = ALIGN (0x4)

.ARM            0x000000000801b7b4        0x8
                0x000000000801b7b4                . = ALIGN (0x4)
                0x000000000801b7b4                __exidx_start = .
 *(.ARM.exidx*)
 .ARM.exidx.text.__udivmoddi4
                0x000000000801b7b4        0x8 /usr/lib/gcc/arm-none-eabi/12.2.0/thumb/v7e-m+dp/hard/libgcc.a(_udivmoddi4.o)
                0x000000000801b7bc                __exidx_end = .
                0x000000000801b7bc                . = ALIGN (0x4)

.rel.dyn        0x000000000801b7bc        0x0
 .rel.iplt      0x000000000801b7bc        0x0 /usr/lib/gcc/arm-none-eabi/12.2.0/thumb/v7e-m+dp/hard/crtbegin.o

.preinit_array  0x000000000801b7bc        0x0
                0x000000000801b7bc                . = ALIGN (0x4)
                0x000000000801b7bc                PROVIDE (__preinit_array_start = .)
 *(.preinit_array*)
                0x000000000801b7bc                PROVIDE (__preinit_array_end = .)
                0x000000000801b7bc                . = ALIGN (0x4)

.init_array     0x000000000801b7bc        0x4
                0x000000000801b7bc                . = ALIGN (0x4)
                0x000000000801b7bc                PROVIDE (__init_array_start = .)
 *(SORT_BY_NAME(.init_array.*))
 *(.init_array*)
 .init_array    0x000000000801b7bc        0x4 /usr/lib/gcc/arm-none-eabi/12.2.0/thumb/v7e-m+dp/hard/crtbegin.o
                0x000000000801b7c0                PROVIDE (__init_array_end = .)
                0x000000000801b7c0                . = ALIGN (0x4)

.fini_array     0x000000000801b7c0        0x4
                0x000000000801b7c0                . = ALIGN (0x4)
                0x000000000801b7c0                PROVIDE (__fini_array_start = .)
 *(SORT_BY_NAME(.fini_array.*))
 *(.fini_array*)
 .fini_array    0x000000000801b7c0        0x4 /usr/lib/gcc/arm-none-eabi/12.2.0/thumb/v7e-m+dp/hard/crtbegin.o
                0x000000000801b7c4                PROVIDE (__fini_array_end = .)
                0x000000000801b7c4                . = ALIGN (0x4)
                0x000000000801b7c4                _sidata = LOADADDR (.data)

.data           0x0000000020000000      0x5f0 load address 0x000000000801b7c4
                0x0000000020000000                . = ALIGN (0x4)
                0x0000000020000000                _sdata = .
 *(.data)
 *(.data*)
 .data.endIndex
                0x0000000020000000        0x4 ./Core/Src/main.o
                0x0000000020000000                endIndex
 .data.a0       0x0000000020000004        0x4 ./Core/Src/main.o
                0x0000000020000004                a0
 .data.b0       0x0000000020000008        0x4 ./Core/Src/main.o
                0x0000000020000008                b0
 .data.c0       0x000000002000000c        0x4 ./Core/Src/main.o
                0x000000002000000c                c0
 .data.d0       0x0000000020000010        0x4 ./Core/Src/main.o
                0x0000000020000010                d0
 .data.lookUp   0x0000000020000014      0x400 ./Core/Src/main.o
                0x0000000020000014                lookUp
 .data.SystemCoreClock
                0x0000000020000414        0x4 ./Core/Src/system_stm32f7xx.o
                0x0000000020000414                SystemCoreClock
 .data.uwTickPrio
                0x0000000020000418        0x4 ./Drivers/STM32F7xx_HAL_Driver/Src/stm32f7xx_hal.o
                0x0000000020000418                uwTickPrio
 .data.uwTickFreq
                0x000000002000041c        0x1 ./Drivers/STM32F7xx_HAL_Driver/Src/stm32f7xx_hal.o
                0x000000002000041c                uwTickFreq
 *fill*         0x000000002000041d        0x3 
 .data._impure_ptr
                0x0000000020000420        0x4 /usr/lib/gcc/arm-none-eabi/12.2.0/../../../../arm-none-eabi/lib/thumb/v7e-m+dp/hard/libc_nano.a(lib_a-impure.o)
                0x0000000020000420                _impure_ptr
 .data.impure_data
                0x0000000020000424       0x60 /usr/lib/gcc/arm-none-eabi/12.2.0/../../../../arm-none-eabi/lib/thumb/v7e-m+dp/hard/libc_nano.a(lib_a-impure.o)
 .data.__global_locale
                0x0000000020000484      0x16c /usr/lib/gcc/arm-none-eabi/12.2.0/../../../../arm-none-eabi/lib/thumb/v7e-m+dp/hard/libc_nano.a(lib_a-locale.o)
                0x0000000020000484                __global_locale
 *(.RamFunc)
 *(.RamFunc*)
                0x00000000200005f0                . = ALIGN (0x4)
                0x00000000200005f0                _edata = .

.igot.plt       0x00000000200005f0        0x0 load address 0x000000000801bdb4
 .igot.plt      0x00000000200005f0        0x0 /usr/lib/gcc/arm-none-eabi/12.2.0/thumb/v7e-m+dp/hard/crtbegin.o
                0x00000000200005f0                . = ALIGN (0x4)

.bss            0x00000000200005f0    0x34de0 load address 0x000000000801bdb4
                0x00000000200005f0                _sbss = .
                0x00000000200005f0                __bss_start__ = _sbss
 *(.bss)
 *(.bss*)
 .bss.completed.1
                0x00000000200005f0        0x1 /usr/lib/gcc/arm-none-eabi/12.2.0/thumb/v7e-m+dp/hard/crtbegin.o
 *fill*         0x00000000200005f1        0x3 
 .bss.object.0  0x00000000200005f4       0x18 /usr/lib/gcc/arm-none-eabi/12.2.0/thumb/v7e-m+dp/hard/crtbegin.o
 .bss.dataIn    0x000000002000060c        0x2 ./Core/Src/main.o
                0x000000002000060c                dataIn
 .bss.dataOut   0x000000002000060e        0x2 ./Core/Src/main.o
                0x000000002000060e                dataOut
 .bss.dataTx    0x0000000020000610        0x8 ./Core/Src/main.o
                0x0000000020000610                dataTx
 .bss.dataRx    0x0000000020000618        0x8 ./Core/Src/main.o
                0x0000000020000618                dataRx
 .bss.sampleBuffer
                0x0000000020000620    0x30d40 ./Core/Src/main.o
                0x0000000020000620                sampleBuffer
 .bss.sampleBufferIndex
                0x0000000020031360        0x4 ./Core/Src/main.o
                0x0000000020031360                sampleBufferIndex
 .bss.dataReadyFlag
                0x0000000020031364        0x1 ./Core/Src/main.o
                0x0000000020031364                dataReadyFlag
 *fill*         0x0000000020031365        0x3 
 .bss.FFTBuffer
                0x0000000020031368     0x1000 ./Core/Src/main.o
                0x0000000020031368                FFTBuffer
 .bss.FFTOutBuffer
                0x0000000020032368     0x1000 ./Core/Src/main.o
                0x0000000020032368                FFTOutBuffer
 .bss.FFTWindow
                0x0000000020033368     0x1000 ./Core/Src/main.o
                0x0000000020033368                FFTWindow
 .bss.startFFTFlag
                0x0000000020034368        0x4 ./Core/Src/main.o
                0x0000000020034368                startFFTFlag
 .bss.FFTBufferSegment
                0x000000002003436c        0x4 ./Core/Src/main.o
                0x000000002003436c                FFTBufferSegment
 .bss.isRecording
                0x0000000020034370        0x1 ./Core/Src/main.o
                0x0000000020034370                isRecording
 .bss.looperOverflow
                0x0000000020034371        0x1 ./Core/Src/main.o
                0x0000000020034371                looperOverflow
 *fill*         0x0000000020034372        0x2 
 .bss.textureSampleOffset
                0x0000000020034374        0x4 ./Core/Src/main.o
                0x0000000020034374                textureSampleOffset
 .bss.textureSamplesRemaining
                0x0000000020034378        0x4 ./Core/Src/main.o
                0x0000000020034378                textureSamplesRemaining
 .bss.effectNumber
                0x000000002003437c        0x4 ./Core/Src/main.o
                0x000000002003437c                effectNumber
 .bss.control   0x0000000020034380        0x4 ./Core/Src/main.o
                0x0000000020034380                control
 .bss.control2  0x0000000020034384        0x4 ./Core/Src/main.o
                0x0000000020034384                control2
 .bss.controlShadow
                0x0000000020034388        0x4 ./Core/Src/main.o
                0x0000000020034388                controlShadow
 .bss.averageValue
                0x000000002003438c        0x2 ./Core/Src/main.o
                0x000000002003438c                averageValue
 *fill*         0x000000002003438e        0x2 
 .bss.a         0x0000000020034390        0x4 ./Core/Src/main.o
                0x0000000020034390                a
 .bss.b         0x0000000020034394        0x4 ./Core/Src/main.o
                0x0000000020034394                b
 .bss.c         0x0000000020034398        0x4 ./Core/Src/main.o
                0x0000000020034398                c
 .bss.d         0x000000002003439c        0x4 ./Core/Src/main.o
                0x000000002003439c                d
 .bss.buffer    0x00000000200343a0       0x18 ./Core/Src/main.o
                0x00000000200343a0                buffer
 .bss.previousPhase.1
                0x00000000200343b8      0x800 ./Core/Src/main.o
 .bss.previousShiftedPhase.0
                0x0000000020034bb8      0x800 ./Core/Src/main.o
 .bss.__sbrk_heap_end
                0x00000000200353b8        0x4 ./Core/Src/sysmem.o
 .bss.uwTick    0x00000000200353bc        0x4 ./Drivers/STM32F7xx_HAL_Driver/Src/stm32f7xx_hal.o
                0x00000000200353bc                uwTick
 .bss.__lock___malloc_recursive_mutex
                0x00000000200353c0        0x1 /usr/lib/gcc/arm-none-eabi/12.2.0/../../../../arm-none-eabi/lib/thumb/v7e-m+dp/hard/libc_nano.a(lib_a-lock.o)
                0x00000000200353c0                __lock___malloc_recursive_mutex
 .bss.__lock___sfp_recursive_mutex
                0x00000000200353c1        0x1 /usr/lib/gcc/arm-none-eabi/12.2.0/../../../../arm-none-eabi/lib/thumb/v7e-m+dp/hard/libc_nano.a(lib_a-lock.o)
                0x00000000200353c1                __lock___sfp_recursive_mutex
 .bss.__lock___sinit_recursive_mutex
                0x00000000200353c2        0x1 /usr/lib/gcc/arm-none-eabi/12.2.0/../../../../arm-none-eabi/lib/thumb/v7e-m+dp/hard/libc_nano.a(lib_a-lock.o)
                0x00000000200353c2                __lock___sinit_recursive_mutex
 *fill*         0x00000000200353c3        0x1 
 .bss.__malloc_free_list
                0x00000000200353c4        0x4 /usr/lib/gcc/arm-none-eabi/12.2.0/../../../../arm-none-eabi/lib/thumb/v7e-m+dp/hard/libc_nano.a(lib_a-nano-mallocr.o)
                0x00000000200353c4                __malloc_free_list
 .bss.__malloc_sbrk_start
                0x00000000200353c8        0x4 /usr/lib/gcc/arm-none-eabi/12.2.0/../../../../arm-none-eabi/lib/thumb/v7e-m+dp/hard/libc_nano.a(lib_a-nano-mallocr.o)
                0x00000000200353c8                __malloc_sbrk_start
 .bss.errno     0x00000000200353cc        0x4 /usr/lib/gcc/arm-none-eabi/12.2.0/../../../../arm-none-eabi/lib/thumb/v7e-m+dp/hard/libc_nano.a(lib_a-reent.o)
                0x00000000200353cc                errno
 *(COMMON)
                0x00000000200353d0                . = ALIGN (0x4)
                0x00000000200353d0                _ebss = .
                0x00000000200353d0                __bss_end__ = _ebss

._user_heap_stack
                0x00000000200353d0      0x600 load address 0x000000000801bdb4
                0x00000000200353d0                . = ALIGN (0x8)
                [!provide]                        PROVIDE (end = .)
                0x00000000200353d0                PROVIDE (_end = .)
                0x00000000200355d0                . = (. + _Min_Heap_Size)
 *fill*         0x00000000200353d0      0x200 
                0x00000000200359d0                . = (. + _Min_Stack_Size)
 *fill*         0x00000000200355d0      0x400 
                0x00000000200359d0                . = ALIGN (0x8)

/DISCARD/
 libc.a(*)
 libm.a(*)
 libgcc.a(*)

.ARM.attributes
                0x0000000000000000       0x2e
 *(.ARM.attributes)
 .ARM.attributes
                0x0000000000000000       0x20 /usr/lib/gcc/arm-none-eabi/12.2.0/thumb/v7e-m+dp/hard/crti.o
 .ARM.attributes
                0x0000000000000020       0x32 /usr/lib/gcc/arm-none-eabi/12.2.0/thumb/v7e-m+dp/hard/crtbegin.o
 .ARM.attributes
                0x0000000000000052       0x32 ./Core/Src/SPI.o
 .ARM.attributes
                0x0000000000000084       0x32 ./Core/Src/UART.o
 .ARM.attributes
                0x00000000000000b6       0x32 ./Core/Src/main.o
 .ARM.attributes
                0x00000000000000e8       0x32 ./Core/Src/peripherals.o
 .ARM.attributes
                0x000000000000011a       0x32 ./Core/Src/stm32f7xx_hal_msp.o
 .ARM.attributes
                0x000000000000014c       0x32 ./Core/Src/stm32f7xx_it.o
 .ARM.attributes
                0x000000000000017e       0x32 ./Core/Src/syscalls.o
 .ARM.attributes
                0x00000000000001b0       0x32 ./Core/Src/sysmem.o
 .ARM.attributes
                0x00000000000001e2       0x32 ./Core/Src/system_stm32f7xx.o
 .ARM.attributes
                0x0000000000000214       0x21 ./Core/Startup/startup_stm32f767zitx.o
 .ARM.attributes
                0x0000000000000235       0x32 ./Drivers/STM32F7xx_HAL_Driver/Src/stm32f7xx_hal.o
 .ARM.attributes
                0x0000000000000267       0x32 ./Drivers/STM32F7xx_HAL_Driver/Src/stm32f7xx_hal_cortex.o
 .ARM.attributes
                0x0000000000000299       0x32 ./Drivers/STM32F7xx_HAL_Driver/Src/stm32f7xx_hal_gpio.o
 .ARM.attributes
                0x00000000000002cb       0x32 ./Drivers/STM32F7xx_HAL_Driver/Src/stm32f7xx_hal_pwr.o
 .ARM.attributes
                0x00000000000002fd       0x32 ./Drivers/STM32F7xx_HAL_Driver/Src/stm32f7xx_hal_pwr_ex.o
 .ARM.attributes
                0x000000000000032f       0x32 ./Drivers/STM32F7xx_HAL_Driver/Src/stm32f7xx_hal_rcc.o
 .ARM.attributes
                0x0000000000000361       0x39 /home/nathan/STM32CubeIDE/workspace/GuitarPedalHat/lib/libarm_cortexM7lfsp_math.a(arm_rfft_fast_init_f32.o)
 .ARM.attributes
                0x000000000000039a       0x39 /home/nathan/STM32CubeIDE/workspace/GuitarPedalHat/lib/libarm_cortexM7lfsp_math.a(arm_rfft_fast_f32.o)
 .ARM.attributes
                0x00000000000003d3       0x39 /home/nathan/STM32CubeIDE/workspace/GuitarPedalHat/lib/libarm_cortexM7lfsp_math.a(arm_cfft_f32.o)
 .ARM.attributes
                0x000000000000040c       0x39 /home/nathan/STM32CubeIDE/workspace/GuitarPedalHat/lib/libarm_cortexM7lfsp_math.a(arm_cmplx_mag_f32.o)
 .ARM.attributes
                0x0000000000000445       0x39 /home/nathan/STM32CubeIDE/workspace/GuitarPedalHat/lib/libarm_cortexM7lfsp_math.a(arm_sin_f32.o)
 .ARM.attributes
                0x000000000000047e       0x39 /home/nathan/STM32CubeIDE/workspace/GuitarPedalHat/lib/libarm_cortexM7lfsp_math.a(arm_cos_f32.o)
 .ARM.attributes
                0x00000000000004b7       0x39 /home/nathan/STM32CubeIDE/workspace/GuitarPedalHat/lib/libarm_cortexM7lfsp_math.a(arm_common_tables.o)
 .ARM.attributes
                0x00000000000004f0       0x25 /home/nathan/STM32CubeIDE/workspace/GuitarPedalHat/lib/libarm_cortexM7lfsp_math.a(arm_bitreversal2.o)
 .ARM.attributes
                0x0000000000000515       0x39 /home/nathan/STM32CubeIDE/workspace/GuitarPedalHat/lib/libarm_cortexM7lfsp_math.a(arm_cfft_radix8_f32.o)
 .ARM.attributes
                0x000000000000054e       0x32 /usr/lib/gcc/arm-none-eabi/12.2.0/../../../../arm-none-eabi/lib/thumb/v7e-m+dp/hard/libc_nano.a(lib_a-errno.o)
 .ARM.attributes
                0x0000000000000580       0x30 /usr/lib/gcc/arm-none-eabi/12.2.0/../../../../arm-none-eabi/lib/thumb/v7e-m+dp/hard/libc_nano.a(lib_a-impure.o)
 .ARM.attributes
                0x00000000000005b0       0x32 /usr/lib/gcc/arm-none-eabi/12.2.0/../../../../arm-none-eabi/lib/thumb/v7e-m+dp/hard/libc_nano.a(lib_a-init.o)
 .ARM.attributes
                0x00000000000005e2       0x32 /usr/lib/gcc/arm-none-eabi/12.2.0/../../../../arm-none-eabi/lib/thumb/v7e-m+dp/hard/libc_nano.a(lib_a-memset.o)
 .ARM.attributes
                0x0000000000000614       0x32 /usr/lib/gcc/arm-none-eabi/12.2.0/../../../../arm-none-eabi/lib/thumb/v7e-m+dp/hard/libc_nano.a(lib_a-nano-vfprintf_float.o)
 .ARM.attributes
                0x0000000000000646       0x32 /usr/lib/gcc/arm-none-eabi/12.2.0/../../../../arm-none-eabi/lib/thumb/v7e-m+dp/hard/libc_nano.a(lib_a-nano-vfprintf_i.o)
 .ARM.attributes
                0x0000000000000678       0x32 /usr/lib/gcc/arm-none-eabi/12.2.0/../../../../arm-none-eabi/lib/thumb/v7e-m+dp/hard/libc_nano.a(lib_a-sprintf.o)
 .ARM.attributes
                0x00000000000006aa       0x17 /usr/lib/gcc/arm-none-eabi/12.2.0/../../../../arm-none-eabi/lib/thumb/v7e-m+dp/hard/libc_nano.a(lib_a-strlen.o)
 .ARM.attributes
                0x00000000000006c1       0x32 /usr/lib/gcc/arm-none-eabi/12.2.0/../../../../arm-none-eabi/lib/thumb/v7e-m+dp/hard/libc_nano.a(lib_a-dtoa.o)
 .ARM.attributes
                0x00000000000006f3       0x32 /usr/lib/gcc/arm-none-eabi/12.2.0/../../../../arm-none-eabi/lib/thumb/v7e-m+dp/hard/libc_nano.a(lib_a-localeconv.o)
 .ARM.attributes
                0x0000000000000725       0x32 /usr/lib/gcc/arm-none-eabi/12.2.0/../../../../arm-none-eabi/lib/thumb/v7e-m+dp/hard/libc_nano.a(lib_a-locale.o)
 .ARM.attributes
                0x0000000000000757       0x32 /usr/lib/gcc/arm-none-eabi/12.2.0/../../../../arm-none-eabi/lib/thumb/v7e-m+dp/hard/libc_nano.a(lib_a-lock.o)
 .ARM.attributes
                0x0000000000000789       0x32 /usr/lib/gcc/arm-none-eabi/12.2.0/../../../../arm-none-eabi/lib/thumb/v7e-m+dp/hard/libc_nano.a(lib_a-malloc.o)
 .ARM.attributes
                0x00000000000007bb       0x32 /usr/lib/gcc/arm-none-eabi/12.2.0/../../../../arm-none-eabi/lib/thumb/v7e-m+dp/hard/libc_nano.a(lib_a-mbtowc_r.o)
 .ARM.attributes
                0x00000000000007ed       0x1c /usr/lib/gcc/arm-none-eabi/12.2.0/../../../../arm-none-eabi/lib/thumb/v7e-m+dp/hard/libc_nano.a(lib_a-memchr.o)
 .ARM.attributes
                0x0000000000000809       0x32 /usr/lib/gcc/arm-none-eabi/12.2.0/../../../../arm-none-eabi/lib/thumb/v7e-m+dp/hard/libc_nano.a(lib_a-memcpy-stub.o)
 .ARM.attributes
                0x000000000000083b       0x32 /usr/lib/gcc/arm-none-eabi/12.2.0/../../../../arm-none-eabi/lib/thumb/v7e-m+dp/hard/libc_nano.a(lib_a-mprec.o)
 .ARM.attributes
                0x000000000000086d       0x32 /usr/lib/gcc/arm-none-eabi/12.2.0/../../../../arm-none-eabi/lib/thumb/v7e-m+dp/hard/libc_nano.a(lib_a-nano-callocr.o)
 .ARM.attributes
                0x000000000000089f       0x32 /usr/lib/gcc/arm-none-eabi/12.2.0/../../../../arm-none-eabi/lib/thumb/v7e-m+dp/hard/libc_nano.a(lib_a-nano-freer.o)
 .ARM.attributes
                0x00000000000008d1       0x32 /usr/lib/gcc/arm-none-eabi/12.2.0/../../../../arm-none-eabi/lib/thumb/v7e-m+dp/hard/libc_nano.a(lib_a-nano-mallocr.o)
 .ARM.attributes
                0x0000000000000903       0x32 /usr/lib/gcc/arm-none-eabi/12.2.0/../../../../arm-none-eabi/lib/thumb/v7e-m+dp/hard/libc_nano.a(lib_a-nano-svfprintf.o)
 .ARM.attributes
                0x0000000000000935       0x32 /usr/lib/gcc/arm-none-eabi/12.2.0/../../../../arm-none-eabi/lib/thumb/v7e-m+dp/hard/libc_nano.a(lib_a-sbrkr.o)
 .ARM.attributes
                0x0000000000000967       0x32 /usr/lib/gcc/arm-none-eabi/12.2.0/../../../../arm-none-eabi/lib/thumb/v7e-m+dp/hard/libc_nano.a(lib_a-wctomb_r.o)
 .ARM.attributes
                0x0000000000000999       0x32 /usr/lib/gcc/arm-none-eabi/12.2.0/../../../../arm-none-eabi/lib/thumb/v7e-m+dp/hard/libc_nano.a(lib_a-assert.o)
 .ARM.attributes
                0x00000000000009cb       0x30 /usr/lib/gcc/arm-none-eabi/12.2.0/../../../../arm-none-eabi/lib/thumb/v7e-m+dp/hard/libc_nano.a(lib_a-ctype_.o)
 .ARM.attributes
                0x00000000000009fb       0x32 /usr/lib/gcc/arm-none-eabi/12.2.0/../../../../arm-none-eabi/lib/thumb/v7e-m+dp/hard/libc_nano.a(lib_a-fprintf.o)
 .ARM.attributes
                0x0000000000000a2d       0x32 /usr/lib/gcc/arm-none-eabi/12.2.0/../../../../arm-none-eabi/lib/thumb/v7e-m+dp/hard/libc_nano.a(lib_a-memmove.o)
 .ARM.attributes
                0x0000000000000a5f       0x32 /usr/lib/gcc/arm-none-eabi/12.2.0/../../../../arm-none-eabi/lib/thumb/v7e-m+dp/hard/libc_nano.a(lib_a-mlock.o)
 .ARM.attributes
                0x0000000000000a91       0x32 /usr/lib/gcc/arm-none-eabi/12.2.0/../../../../arm-none-eabi/lib/thumb/v7e-m+dp/hard/libc_nano.a(lib_a-nano-reallocr.o)
 .ARM.attributes
                0x0000000000000ac3       0x32 /usr/lib/gcc/arm-none-eabi/12.2.0/../../../../arm-none-eabi/lib/thumb/v7e-m+dp/hard/libc_nano.a(lib_a-nano-vfprintf.o)
 .ARM.attributes
                0x0000000000000af5       0x32 /usr/lib/gcc/arm-none-eabi/12.2.0/../../../../arm-none-eabi/lib/thumb/v7e-m+dp/hard/libc_nano.a(lib_a-reent.o)
 .ARM.attributes
                0x0000000000000b27       0x32 /usr/lib/gcc/arm-none-eabi/12.2.0/../../../../arm-none-eabi/lib/thumb/v7e-m+dp/hard/libc_nano.a(lib_a-wbuf.o)
 .ARM.attributes
                0x0000000000000b59       0x32 /usr/lib/gcc/arm-none-eabi/12.2.0/../../../../arm-none-eabi/lib/thumb/v7e-m+dp/hard/libc_nano.a(lib_a-wsetup.o)
 .ARM.attributes
                0x0000000000000b8b       0x32 /usr/lib/gcc/arm-none-eabi/12.2.0/../../../../arm-none-eabi/lib/thumb/v7e-m+dp/hard/libc_nano.a(lib_a-abort.o)
 .ARM.attributes
                0x0000000000000bbd       0x32 /usr/lib/gcc/arm-none-eabi/12.2.0/../../../../arm-none-eabi/lib/thumb/v7e-m+dp/hard/libc_nano.a(lib_a-fflush.o)
 .ARM.attributes
                0x0000000000000bef       0x32 /usr/lib/gcc/arm-none-eabi/12.2.0/../../../../arm-none-eabi/lib/thumb/v7e-m+dp/hard/libc_nano.a(lib_a-findfp.o)
 .ARM.attributes
                0x0000000000000c21       0x32 /usr/lib/gcc/arm-none-eabi/12.2.0/../../../../arm-none-eabi/lib/thumb/v7e-m+dp/hard/libc_nano.a(lib_a-fwalk.o)
 .ARM.attributes
                0x0000000000000c53       0x32 /usr/lib/gcc/arm-none-eabi/12.2.0/../../../../arm-none-eabi/lib/thumb/v7e-m+dp/hard/libc_nano.a(lib_a-makebuf.o)
 .ARM.attributes
                0x0000000000000c85       0x32 /usr/lib/gcc/arm-none-eabi/12.2.0/../../../../arm-none-eabi/lib/thumb/v7e-m+dp/hard/libc_nano.a(lib_a-nano-msizer.o)
 .ARM.attributes
                0x0000000000000cb7       0x32 /usr/lib/gcc/arm-none-eabi/12.2.0/../../../../arm-none-eabi/lib/thumb/v7e-m+dp/hard/libc_nano.a(lib_a-signal.o)
 .ARM.attributes
                0x0000000000000ce9       0x32 /usr/lib/gcc/arm-none-eabi/12.2.0/../../../../arm-none-eabi/lib/thumb/v7e-m+dp/hard/libc_nano.a(lib_a-signalr.o)
 .ARM.attributes
                0x0000000000000d1b       0x32 /usr/lib/gcc/arm-none-eabi/12.2.0/../../../../arm-none-eabi/lib/thumb/v7e-m+dp/hard/libc_nano.a(lib_a-stdio.o)
 .ARM.attributes
                0x0000000000000d4d       0x32 /usr/lib/gcc/arm-none-eabi/12.2.0/../../../../arm-none-eabi/lib/thumb/v7e-m+dp/hard/libc_nano.a(lib_a-writer.o)
 .ARM.attributes
                0x0000000000000d7f       0x32 /usr/lib/gcc/arm-none-eabi/12.2.0/../../../../arm-none-eabi/lib/thumb/v7e-m+dp/hard/libc_nano.a(lib_a-closer.o)
 .ARM.attributes
                0x0000000000000db1       0x32 /usr/lib/gcc/arm-none-eabi/12.2.0/../../../../arm-none-eabi/lib/thumb/v7e-m+dp/hard/libc_nano.a(lib_a-fstatr.o)
 .ARM.attributes
                0x0000000000000de3       0x32 /usr/lib/gcc/arm-none-eabi/12.2.0/../../../../arm-none-eabi/lib/thumb/v7e-m+dp/hard/libc_nano.a(lib_a-isattyr.o)
 .ARM.attributes
                0x0000000000000e15       0x32 /usr/lib/gcc/arm-none-eabi/12.2.0/../../../../arm-none-eabi/lib/thumb/v7e-m+dp/hard/libc_nano.a(lib_a-lseekr.o)
 .ARM.attributes
                0x0000000000000e47       0x32 /usr/lib/gcc/arm-none-eabi/12.2.0/../../../../arm-none-eabi/lib/thumb/v7e-m+dp/hard/libc_nano.a(lib_a-readr.o)
 .ARM.attributes
                0x0000000000000e79       0x32 /usr/lib/gcc/arm-none-eabi/12.2.0/../../../../arm-none-eabi/lib/thumb/v7e-m+dp/hard/libm.a(lib_a-wf_atan2.o)
 .ARM.attributes
                0x0000000000000eab       0x32 /usr/lib/gcc/arm-none-eabi/12.2.0/../../../../arm-none-eabi/lib/thumb/v7e-m+dp/hard/libm.a(lib_a-wf_fmod.o)
 .ARM.attributes
                0x0000000000000edd       0x32 /usr/lib/gcc/arm-none-eabi/12.2.0/../../../../arm-none-eabi/lib/thumb/v7e-m+dp/hard/libm.a(lib_a-wf_sqrt.o)
 .ARM.attributes
                0x0000000000000f0f       0x32 /usr/lib/gcc/arm-none-eabi/12.2.0/../../../../arm-none-eabi/lib/thumb/v7e-m+dp/hard/libm.a(lib_a-ef_atan2.o)
 .ARM.attributes
                0x0000000000000f41       0x32 /usr/lib/gcc/arm-none-eabi/12.2.0/../../../../arm-none-eabi/lib/thumb/v7e-m+dp/hard/libm.a(lib_a-ef_fmod.o)
 .ARM.attributes
                0x0000000000000f73       0x32 /usr/lib/gcc/arm-none-eabi/12.2.0/../../../../arm-none-eabi/lib/thumb/v7e-m+dp/hard/libm.a(lib_a-ef_sqrt.o)
 .ARM.attributes
                0x0000000000000fa5       0x32 /usr/lib/gcc/arm-none-eabi/12.2.0/../../../../arm-none-eabi/lib/thumb/v7e-m+dp/hard/libm.a(lib_a-sf_atan.o)
 .ARM.attributes
                0x0000000000000fd7       0x32 /usr/lib/gcc/arm-none-eabi/12.2.0/../../../../arm-none-eabi/lib/thumb/v7e-m+dp/hard/libm.a(lib_a-sf_fabs.o)
 .ARM.attributes
                0x0000000000001009       0x20 /usr/lib/gcc/arm-none-eabi/12.2.0/thumb/v7e-m+dp/hard/libgcc.a(_aeabi_uldivmod.o)
 .ARM.attributes
                0x0000000000001029       0x32 /usr/lib/gcc/arm-none-eabi/12.2.0/thumb/v7e-m+dp/hard/libgcc.a(_udivmoddi4.o)
 .ARM.attributes
                0x000000000000105b       0x20 /usr/lib/gcc/arm-none-eabi/12.2.0/thumb/v7e-m+dp/hard/libgcc.a(_dvmd_tls.o)
 .ARM.attributes
                0x000000000000107b       0x20 /usr/lib/gcc/arm-none-eabi/12.2.0/thumb/v7e-m+dp/hard/crtn.o
OUTPUT(GuitarPedalHat.elf elf32-littlearm)
LOAD linker stubs
LOAD /usr/lib/gcc/arm-none-eabi/12.2.0/../../../../arm-none-eabi/lib/thumb/v7e-m+dp/hard/libc.a
LOAD /usr/lib/gcc/arm-none-eabi/12.2.0/../../../../arm-none-eabi/lib/thumb/v7e-m+dp/hard/libm.a
LOAD /usr/lib/gcc/arm-none-eabi/12.2.0/thumb/v7e-m+dp/hard/libgcc.a

.debug_info     0x0000000000000000    0x29537
 .debug_info    0x0000000000000000      0x607 ./Core/Src/SPI.o
 .debug_info    0x0000000000000607      0x3ec ./Core/Src/UART.o
 .debug_info    0x00000000000009f3     0x2e0b ./Core/Src/main.o
 .debug_info    0x00000000000037fe      0xc19 ./Core/Src/peripherals.o
 .debug_info    0x0000000000004417     0x197d ./Core/Src/stm32f7xx_hal_msp.o
 .debug_info    0x0000000000005d94      0x112 ./Core/Src/stm32f7xx_it.o
 .debug_info    0x0000000000005ea6      0x6a3 ./Core/Src/syscalls.o
 .debug_info    0x0000000000006549      0x168 ./Core/Src/sysmem.o
 .debug_info    0x00000000000066b1      0x6ed ./Core/Src/system_stm32f7xx.o
 .debug_info    0x0000000000006d9e       0x2e ./Core/Startup/startup_stm32f767zitx.o
 .debug_info    0x0000000000006dcc      0xa4c ./Drivers/STM32F7xx_HAL_Driver/Src/stm32f7xx_hal.o
 .debug_info    0x0000000000007818      0xf8b ./Drivers/STM32F7xx_HAL_Driver/Src/stm32f7xx_hal_cortex.o
 .debug_info    0x00000000000087a3      0x6f3 ./Drivers/STM32F7xx_HAL_Driver/Src/stm32f7xx_hal_gpio.o
 .debug_info    0x0000000000008e96      0x90e ./Drivers/STM32F7xx_HAL_Driver/Src/stm32f7xx_hal_pwr.o
 .debug_info    0x00000000000097a4      0x8cd ./Drivers/STM32F7xx_HAL_Driver/Src/stm32f7xx_hal_pwr_ex.o
 .debug_info    0x000000000000a071      0x937 ./Drivers/STM32F7xx_HAL_Driver/Src/stm32f7xx_hal_rcc.o
 .debug_info    0x000000000000a9a8      0x4c3 /home/nathan/STM32CubeIDE/workspace/GuitarPedalHat/lib/libarm_cortexM7lfsp_math.a(arm_rfft_fast_init_f32.o)
 .debug_info    0x000000000000ae6b      0x72e /home/nathan/STM32CubeIDE/workspace/GuitarPedalHat/lib/libarm_cortexM7lfsp_math.a(arm_rfft_fast_f32.o)
 .debug_info    0x000000000000b599      0x6b9 /home/nathan/STM32CubeIDE/workspace/GuitarPedalHat/lib/libarm_cortexM7lfsp_math.a(arm_cfft_f32.o)
 .debug_info    0x000000000000bc52      0x299 /home/nathan/STM32CubeIDE/workspace/GuitarPedalHat/lib/libarm_cortexM7lfsp_math.a(arm_cmplx_mag_f32.o)
 .debug_info    0x000000000000beeb      0x17e /home/nathan/STM32CubeIDE/workspace/GuitarPedalHat/lib/libarm_cortexM7lfsp_math.a(arm_sin_f32.o)
 .debug_info    0x000000000000c069      0x17c /home/nathan/STM32CubeIDE/workspace/GuitarPedalHat/lib/libarm_cortexM7lfsp_math.a(arm_cos_f32.o)
 .debug_info    0x000000000000c1e5      0x99d /home/nathan/STM32CubeIDE/workspace/GuitarPedalHat/lib/libarm_cortexM7lfsp_math.a(arm_common_tables.o)
 .debug_info    0x000000000000cb82       0x85 /home/nathan/STM32CubeIDE/workspace/GuitarPedalHat/lib/libarm_cortexM7lfsp_math.a(arm_bitreversal2.o)
 .debug_info    0x000000000000cc07      0x419 /home/nathan/STM32CubeIDE/workspace/GuitarPedalHat/lib/libarm_cortexM7lfsp_math.a(arm_cfft_radix8_f32.o)
 .debug_info    0x000000000000d020      0x75b /usr/lib/gcc/arm-none-eabi/12.2.0/../../../../arm-none-eabi/lib/thumb/v7e-m+dp/hard/libc_nano.a(lib_a-errno.o)
 .debug_info    0x000000000000d77b      0x806 /usr/lib/gcc/arm-none-eabi/12.2.0/../../../../arm-none-eabi/lib/thumb/v7e-m+dp/hard/libc_nano.a(lib_a-impure.o)
 .debug_info    0x000000000000df81      0x10b /usr/lib/gcc/arm-none-eabi/12.2.0/../../../../arm-none-eabi/lib/thumb/v7e-m+dp/hard/libc_nano.a(lib_a-init.o)
 .debug_info    0x000000000000e08c       0xe0 /usr/lib/gcc/arm-none-eabi/12.2.0/../../../../arm-none-eabi/lib/thumb/v7e-m+dp/hard/libc_nano.a(lib_a-memset.o)
 .debug_info    0x000000000000e16c     0x12ad /usr/lib/gcc/arm-none-eabi/12.2.0/../../../../arm-none-eabi/lib/thumb/v7e-m+dp/hard/libc_nano.a(lib_a-nano-vfprintf_float.o)
 .debug_info    0x000000000000f419      0xe42 /usr/lib/gcc/arm-none-eabi/12.2.0/../../../../arm-none-eabi/lib/thumb/v7e-m+dp/hard/libc_nano.a(lib_a-nano-vfprintf_i.o)
 .debug_info    0x000000000001025b      0x8df /usr/lib/gcc/arm-none-eabi/12.2.0/../../../../arm-none-eabi/lib/thumb/v7e-m+dp/hard/libc_nano.a(lib_a-sprintf.o)
 .debug_info    0x0000000000010b3a       0x24 /usr/lib/gcc/arm-none-eabi/12.2.0/../../../../arm-none-eabi/lib/thumb/v7e-m+dp/hard/libc_nano.a(lib_a-strlen.o)
 .debug_info    0x0000000000010b5e     0x15db /usr/lib/gcc/arm-none-eabi/12.2.0/../../../../arm-none-eabi/lib/thumb/v7e-m+dp/hard/libc_nano.a(lib_a-dtoa.o)
 .debug_info    0x0000000000012139      0xa78 /usr/lib/gcc/arm-none-eabi/12.2.0/../../../../arm-none-eabi/lib/thumb/v7e-m+dp/hard/libc_nano.a(lib_a-localeconv.o)
 .debug_info    0x0000000000012bb1      0xbf3 /usr/lib/gcc/arm-none-eabi/12.2.0/../../../../arm-none-eabi/lib/thumb/v7e-m+dp/hard/libc_nano.a(lib_a-locale.o)
 .debug_info    0x00000000000137a4      0x21a /usr/lib/gcc/arm-none-eabi/12.2.0/../../../../arm-none-eabi/lib/thumb/v7e-m+dp/hard/libc_nano.a(lib_a-lock.o)
 .debug_info    0x00000000000139be      0x7f4 /usr/lib/gcc/arm-none-eabi/12.2.0/../../../../arm-none-eabi/lib/thumb/v7e-m+dp/hard/libc_nano.a(lib_a-malloc.o)
 .debug_info    0x00000000000141b2      0xb02 /usr/lib/gcc/arm-none-eabi/12.2.0/../../../../arm-none-eabi/lib/thumb/v7e-m+dp/hard/libc_nano.a(lib_a-mbtowc_r.o)
 .debug_info    0x0000000000014cb4       0x25 /usr/lib/gcc/arm-none-eabi/12.2.0/../../../../arm-none-eabi/lib/thumb/v7e-m+dp/hard/libc_nano.a(lib_a-memchr.o)
 .debug_info    0x0000000000014cd9      0x121 /usr/lib/gcc/arm-none-eabi/12.2.0/../../../../arm-none-eabi/lib/thumb/v7e-m+dp/hard/libc_nano.a(lib_a-memcpy-stub.o)
 .debug_info    0x0000000000014dfa     0x1d9f /usr/lib/gcc/arm-none-eabi/12.2.0/../../../../arm-none-eabi/lib/thumb/v7e-m+dp/hard/libc_nano.a(lib_a-mprec.o)
 .debug_info    0x0000000000016b99      0x822 /usr/lib/gcc/arm-none-eabi/12.2.0/../../../../arm-none-eabi/lib/thumb/v7e-m+dp/hard/libc_nano.a(lib_a-nano-callocr.o)
 .debug_info    0x00000000000173bb      0x8a6 /usr/lib/gcc/arm-none-eabi/12.2.0/../../../../arm-none-eabi/lib/thumb/v7e-m+dp/hard/libc_nano.a(lib_a-nano-freer.o)
 .debug_info    0x0000000000017c61      0xa1c /usr/lib/gcc/arm-none-eabi/12.2.0/../../../../arm-none-eabi/lib/thumb/v7e-m+dp/hard/libc_nano.a(lib_a-nano-mallocr.o)
 .debug_info    0x000000000001867d     0x1124 /usr/lib/gcc/arm-none-eabi/12.2.0/../../../../arm-none-eabi/lib/thumb/v7e-m+dp/hard/libc_nano.a(lib_a-nano-svfprintf.o)
 .debug_info    0x00000000000197a1      0x7dc /usr/lib/gcc/arm-none-eabi/12.2.0/../../../../arm-none-eabi/lib/thumb/v7e-m+dp/hard/libc_nano.a(lib_a-sbrkr.o)
 .debug_info    0x0000000000019f7d      0xabe /usr/lib/gcc/arm-none-eabi/12.2.0/../../../../arm-none-eabi/lib/thumb/v7e-m+dp/hard/libc_nano.a(lib_a-wctomb_r.o)
 .debug_info    0x000000000001aa3b      0x87e /usr/lib/gcc/arm-none-eabi/12.2.0/../../../../arm-none-eabi/lib/thumb/v7e-m+dp/hard/libc_nano.a(lib_a-assert.o)
 .debug_info    0x000000000001b2b9       0xb9 /usr/lib/gcc/arm-none-eabi/12.2.0/../../../../arm-none-eabi/lib/thumb/v7e-m+dp/hard/libc_nano.a(lib_a-ctype_.o)
 .debug_info    0x000000000001b372      0x8b5 /usr/lib/gcc/arm-none-eabi/12.2.0/../../../../arm-none-eabi/lib/thumb/v7e-m+dp/hard/libc_nano.a(lib_a-fprintf.o)
 .debug_info    0x000000000001bc27      0x10f /usr/lib/gcc/arm-none-eabi/12.2.0/../../../../arm-none-eabi/lib/thumb/v7e-m+dp/hard/libc_nano.a(lib_a-memmove.o)