../Drivers/CMSIS/Include/core_cm7.h:1896:22:__NVIC_EnableIRQ	16	static
../Drivers/CMSIS/Include/core_cm7.h:2024:22:__NVIC_SetPriority	16	static
../Core/Src/main.c:173:5:main	48	static
../Core/Src/main.c:330:6:SystemClock_Config	88	static
../Core/Src/main.c:388:13:MX_ETH_Init	8	static
../Core/Src/main.c:435:13:MX_USART3_UART_Init	8	static
../Core/Src/main.c:470:13:MX_USB_OTG_FS_PCD_Init	8	static
../Core/Src/main.c:505:13:MX_GPIO_Init	56	static
../Core/Src/main.c:553:6:Clean	4	static
../Core/Src/main.c:557:6:Delay	4	static
../Core/Src/main.c:568:6:Flange	4	static
../Core/Src/main.c:579:6:Phaser_Stage	24	static
../Core/Src/main.c:595:6:Phaser	8	static
../Core/Src/main.c:618:6:Reverb	4	static
../Core/Src/main.c:632:6:Sin_Delay	4	static
../Core/Src/main.c:647:6:Reverse_Delay	4	static
../Core/Src/main.c:661:6:Bit_Reduction	4	static
../Core/Src/main.c:666:6:Random_Sample_Delay	4	static
../Core/Src/main.c:694:6:Clouds_Delay	4	static
../Core/Src/main.c:744:6:Looper	4	static
../Core/Src/main.c:787:41:FFT_Test	10320	static
../Core/Src/main.c:917:6:TIM6_DAC_IRQHandler	8	static
../Core/Src/main.c:930:6:DMA2_Stream0_IRQHandler	4	static
../Core/Src/main.c:998:6:EXTI9_5_IRQHandler	4	static
../Core/Src/main.c:1005:6:Configure_MCP3561R	24	static
../Core/Src/main.c:1052:6:Error_Handler	4	static
